Archive member included to satisfy reference by file (symbol)

../src/libATmega328_PIN_INT.a(SetupEXT_IN_Interrupt.cpp.obj)
                              CMakeFiles/ATmega328_SMART_BELL_FW.dir/smart_bell.cpp.obj (_ZN22external_pin_interrupt36setup_INT0_PullUpResistorFallingEdgeEv)
../src/libATmega328_TIMER_INT.a(SetupTimer.cpp.obj)
                              CMakeFiles/ATmega328_SMART_BELL_FW.dir/smart_bell.cpp.obj (_ZN15timer_interrupt8ctc_mode21setup_timer0_ctc_modeENS_9PrescalerEj)
../src/Serial/libATmega328_USART.a(UART.cpp.obj)
                              CMakeFiles/ATmega328_SMART_BELL_FW.dir/smart_bell.cpp.obj (_ZNK6serial4UART22is_read_data_availableEv)
../src/Serial/libATmega328_SPI.a(SPI.cpp.obj)
                              CMakeFiles/ATmega328_SMART_BELL_FW.dir/smart_bell.cpp.obj (_ZN6serial3SPIC1ERKNS_14SPI_parametersEh)
../src/Utils/libATmega328_UTILS.a(new_delete.cpp.obj)
                              CMakeFiles/ATmega328_SMART_BELL_FW.dir/smart_bell.cpp.obj (__cxa_guard_acquire)
../src/Ethernet/libATmega328_W5500_ETHERNET.a(W5500Interface.cpp.obj)
                              CMakeFiles/ATmega328_SMART_BELL_FW.dir/smart_bell.cpp.obj (_ZN8Ethernet14W5500InterfaceC1EPN6serial3SPIENS_14W5500CallbacksE)
../src/MQTT/libATmega328_MQTT.a(MinimalMQTT.cpp.obj)
                              CMakeFiles/ATmega328_SMART_BELL_FW.dir/smart_bell.cpp.obj (_ZN4MQTT11MinimalMQTTC1EPN6serial4UARTE)
../src/Config/libATmega328_CONFIG.a(LightweightConfig.cpp.obj)
                              CMakeFiles/ATmega328_SMART_BELL_FW.dir/smart_bell.cpp.obj (_ZN6Config17LightweightConfigC1ERN6serial9InterfaceE)
../src/Ethernet/libATmega328_W5500_ETHERNET_WIZNET_IOLIBRARY.a(w5500.c.obj)
                              ../src/MQTT/libATmega328_MQTT.a(MinimalMQTT.cpp.obj) (WIZCHIP_READ)
../src/Ethernet/libATmega328_W5500_ETHERNET_WIZNET_IOLIBRARY.a(socket.c.obj)
                              ../src/MQTT/libATmega328_MQTT.a(MinimalMQTT.cpp.obj) (close)
../src/Ethernet/libATmega328_W5500_ETHERNET_WIZNET_IOLIBRARY.a(wizchip_conf.c.obj)
                              ../src/Ethernet/libATmega328_W5500_ETHERNET_WIZNET_IOLIBRARY.a(w5500.c.obj) (WIZCHIP)
../src/System/libATmega328_TIMER_SERVICE.a(TimerService.cpp.obj)
                              CMakeFiles/ATmega328_SMART_BELL_FW.dir/smart_bell.cpp.obj (_ZN6System12TimerService11on_1ms_tickEv)
/opt/avr8-gnu-toolchain-linux_x86_64/bin/../lib/gcc/avr/7.3.0/avr5/libgcc.a(_udivmodqi4.o)
                              ../src/Config/libATmega328_CONFIG.a(LightweightConfig.cpp.obj) (__udivmodqi4)
/opt/avr8-gnu-toolchain-linux_x86_64/bin/../lib/gcc/avr/7.3.0/avr5/libgcc.a(_udivmodsi4.o)
                              ../src/Serial/libATmega328_USART.a(UART.cpp.obj) (__udivmodsi4)
/opt/avr8-gnu-toolchain-linux_x86_64/bin/../lib/gcc/avr/7.3.0/avr5/libgcc.a(_exit.o)
                              /opt/avr8-gnu-toolchain-linux_x86_64/bin/../lib/gcc/avr/7.3.0/../../../../avr/lib/avr5/crtatmega328.o (exit)
/opt/avr8-gnu-toolchain-linux_x86_64/bin/../lib/gcc/avr/7.3.0/avr5/libgcc.a(_tablejump2.o)
                              ../src/Ethernet/libATmega328_W5500_ETHERNET_WIZNET_IOLIBRARY.a(socket.c.obj) (__tablejump2__)
/opt/avr8-gnu-toolchain-linux_x86_64/bin/../lib/gcc/avr/7.3.0/avr5/libgcc.a(_copy_data.o)
                              CMakeFiles/ATmega328_SMART_BELL_FW.dir/smart_bell.cpp.obj (__do_copy_data)
/opt/avr8-gnu-toolchain-linux_x86_64/bin/../lib/gcc/avr/7.3.0/avr5/libgcc.a(_clear_bss.o)
                              CMakeFiles/ATmega328_SMART_BELL_FW.dir/smart_bell.cpp.obj (__do_clear_bss)
/opt/avr8-gnu-toolchain-linux_x86_64/bin/../lib/gcc/avr/7.3.0/avr5/libgcc.a(_ctors.o)
                              ../src/Serial/libATmega328_SPI.a(SPI.cpp.obj) (__do_global_ctors)
/opt/avr8-gnu-toolchain-linux_x86_64/bin/../lib/gcc/avr/7.3.0/../../../../avr/lib/avr5/libc.a(malloc.o)
                              ../src/Utils/libATmega328_UTILS.a(new_delete.cpp.obj) (malloc)
/opt/avr8-gnu-toolchain-linux_x86_64/bin/../lib/gcc/avr/7.3.0/../../../../avr/lib/avr5/libc.a(memcpy.o)
                              ../src/MQTT/libATmega328_MQTT.a(MinimalMQTT.cpp.obj) (memcpy)
/opt/avr8-gnu-toolchain-linux_x86_64/bin/../lib/gcc/avr/7.3.0/../../../../avr/lib/avr5/libc.a(strchr.o)
                              ../src/Config/libATmega328_CONFIG.a(LightweightConfig.cpp.obj) (strchr)
/opt/avr8-gnu-toolchain-linux_x86_64/bin/../lib/gcc/avr/7.3.0/../../../../avr/lib/avr5/libc.a(strcmp.o)
                              ../src/MQTT/libATmega328_MQTT.a(MinimalMQTT.cpp.obj) (strcmp)
/opt/avr8-gnu-toolchain-linux_x86_64/bin/../lib/gcc/avr/7.3.0/../../../../avr/lib/avr5/libc.a(strncmp.o)
                              ../src/Config/libATmega328_CONFIG.a(LightweightConfig.cpp.obj) (strncmp)
/opt/avr8-gnu-toolchain-linux_x86_64/bin/../lib/gcc/avr/7.3.0/../../../../avr/lib/avr5/libc.a(strncpy.o)
                              CMakeFiles/ATmega328_SMART_BELL_FW.dir/smart_bell.cpp.obj (strncpy)
[...]
Memory Configuration

Name             Origin             Length             Attributes
text             0x0000000000000000 0x0000000000008000 xr
data             0x0000000000800100 0x0000000000000800 rw !x
eeprom           0x0000000000810000 0x0000000000000400 rw !x
fuse             0x0000000000820000 0x0000000000000003 rw !x
lock             0x0000000000830000 0x0000000000000400 rw !x
signature        0x0000000000840000 0x0000000000000400 rw !x
user_signatures  0x0000000000850000 0x0000000000000400 rw !x
*default*        0x0000000000000000 0xffffffffffffffff

Linker script and memory map

Address of section .data set to 0x800100
LOAD /opt/avr8-gnu-toolchain-linux_x86_64/bin/../lib/gcc/avr/7.3.0/../../../../avr/lib/avr5/crtatmega328.o
LOAD CMakeFiles/ATmega328_SMART_BELL_FW.dir/smart_bell.cpp.obj
LOAD ../src/libATmega328_WTD.a
LOAD ../src/libATmega328_PIN_INT.a
LOAD ../src/libATmega328_TIMER_INT.a
LOAD ../src/Serial/libATmega328_USART.a
LOAD ../src/Serial/libATmega328_SPI.a
LOAD ../src/Utils/libATmega328_UTILS.a
LOAD ../src/Ethernet/libATmega328_W5500_ETHERNET.a
LOAD ../src/MQTT/libATmega328_MQTT.a
LOAD ../src/Config/libATmega328_CONFIG.a
LOAD ../src/Ethernet/libATmega328_W5500_ETHERNET.a
LOAD ../src/Serial/libATmega328_SPI.a
LOAD ../src/Utils/libATmega328_UTILS.a
LOAD ../src/Ethernet/libATmega328_W5500_ETHERNET_WIZNET_IOLIBRARY.a
LOAD ../src/System/libATmega328_TIMER_SERVICE.a
LOAD ../src/Serial/libATmega328_USART.a
LOAD /opt/avr8-gnu-toolchain-linux_x86_64/bin/../lib/gcc/avr/7.3.0/avr5/libgcc.a
LOAD /opt/avr8-gnu-toolchain-linux_x86_64/bin/../lib/gcc/avr/7.3.0/../../../../avr/lib/avr5/libm.a
START GROUP
LOAD /opt/avr8-gnu-toolchain-linux_x86_64/bin/../lib/gcc/avr/7.3.0/avr5/libgcc.a
LOAD /opt/avr8-gnu-toolchain-linux_x86_64/bin/../lib/gcc/avr/7.3.0/../../../../avr/lib/avr5/libm.a
LOAD /opt/avr8-gnu-toolchain-linux_x86_64/bin/../lib/gcc/avr/7.3.0/../../../../avr/lib/avr5/libc.a
LOAD /opt/avr8-gnu-toolchain-linux_x86_64/bin/../lib/gcc/avr/7.3.0/../../../../avr/lib/avr5/libatmega328.a
END GROUP
                0x0000000000000000                __TEXT_REGION_ORIGIN__ = DEFINED (__TEXT_REGION_ORIGIN__)?__TEXT_REGION_ORIGIN__:0x0
                [0x0000000000800100]                __DATA_REGION_ORIGIN__ = DEFINED (__DATA_REGION_ORIGIN__)?__DATA_REGION_ORIGIN__:0x800060
                [0x0000000000008000]                __TEXT_REGION_LENGTH__ = DEFINED (__TEXT_REGION_LENGTH__)?__TEXT_REGION_LENGTH__:0x20000
                [0x0000000000000800]                __DATA_REGION_LENGTH__ = DEFINED (__DATA_REGION_LENGTH__)?__DATA_REGION_LENGTH__:0xffa0
                [0x0000000000000400]                __EEPROM_REGION_LENGTH__ = DEFINED (__EEPROM_REGION_LENGTH__)?__EEPROM_REGION_LENGTH__:0x10000
                [0x0000000000000003]                __FUSE_REGION_LENGTH__ = DEFINED (__FUSE_REGION_LENGTH__)?__FUSE_REGION_LENGTH__:0x400
                0x0000000000000400                __LOCK_REGION_LENGTH__ = DEFINED (__LOCK_REGION_LENGTH__)?__LOCK_REGION_LENGTH__:0x400
                0x0000000000000400                __SIGNATURE_REGION_LENGTH__ = DEFINED (__SIGNATURE_REGION_LENGTH__)?__SIGNATURE_REGION_LENGTH__:0x400
                0x0000000000000400                __USER_SIGNATURE_REGION_LENGTH__ = DEFINED (__USER_SIGNATURE_REGION_LENGTH__)?__USER_SIGNATURE_REGION_LENGTH__:0x400

.hash
 *(.hash)

.dynsym
 *(.dynsym)

.dynstr
 *(.dynstr)

.gnu.version
 *(.gnu.version)

.gnu.version_d
 *(.gnu.version_d)

.gnu.version_r
 *(.gnu.version_r)

.rel.init
 *(.rel.init)

.rela.init
 *(.rela.init)

.rel.text
 *(.rel.text)
 *(.rel.text.*)
 *(.rel.gnu.linkonce.t*)

.rela.text
 *(.rela.text)
 *(.rela.text.*)
 *(.rela.gnu.linkonce.t*)

.rel.fini
 *(.rel.fini)

.rela.fini
 *(.rela.fini)

.rel.rodata
 *(.rel.rodata)
 *(.rel.rodata.*)
 *(.rel.gnu.linkonce.r*)

.rela.rodata
 *(.rela.rodata)
 *(.rela.rodata.*)
 *(.rela.gnu.linkonce.r*)

.rel.data
 *(.rel.data)
 *(.rel.data.*)
 *(.rel.gnu.linkonce.d*)

.rela.data
 *(.rela.data)
 *(.rela.data.*)
 *(.rela.gnu.linkonce.d*)

.rel.ctors
 *(.rel.ctors)

.rela.ctors
 *(.rela.ctors)

.rel.dtors
 *(.rel.dtors)

.rela.dtors
 *(.rela.dtors)

.rel.got
 *(.rel.got)

.rela.got
 *(.rela.got)

.rel.bss
 *(.rel.bss)

.rela.bss
 *(.rela.bss)

.rel.plt
 *(.rel.plt)

.rela.plt
 *(.rela.plt)

.text           0x0000000000000000     0x375c
 *(.vectors)
 .vectors       0x0000000000000000       0x68 /opt/avr8-gnu-toolchain-linux_x86_64/bin/../lib/gcc/avr/7.3.0/../../../../avr/lib/avr5/crtatmega328.o
                0x0000000000000000                __vectors
                0x0000000000000000                __vector_default
 *(.vectors)
 *(.progmem.gcc*)
                0x0000000000000068                . = ALIGN (0x2)
                0x0000000000000068                __trampolines_start = .
 *(.trampolines)
 .trampolines   0x0000000000000068        0x0 linker stubs
 *(.trampolines*)
                0x0000000000000068                __trampolines_end = .
 *libprintf_flt.a:*(.progmem.data)
 *libc.a:*(.progmem.data)
 *(.progmem*)
 .progmem.data._ZN6ConfigL9HELP_TEXTE
                0x0000000000000068       0xff ../src/Config/libATmega328_CONFIG.a(LightweightConfig.cpp.obj)
                0x0000000000000168                . = ALIGN (0x2)
 *fill*         0x0000000000000167        0x1 
 *(.jumptables)
 *(.jumptables*)
 *(.lowtext)
 *(.lowtext*)
                0x0000000000000168                __ctors_start = .
 *(.ctors)
 .ctors         0x0000000000000168        0x2 ../src/Serial/libATmega328_SPI.a(SPI.cpp.obj)
                0x000000000000016a                __ctors_end = .
                0x000000000000016a                __dtors_start = .
 *(.dtors)
                0x000000000000016a                __dtors_end = .
 SORT(*)(.ctors)
 SORT(*)(.dtors)
 *(.init0)
 .init0         0x000000000000016a        0x0 /opt/avr8-gnu-toolchain-linux_x86_64/bin/../lib/gcc/avr/7.3.0/../../../../avr/lib/avr5/crtatmega328.o
                0x000000000000016a                __init
 *(.init0)
 *(.init1)
 *(.init1)
 *(.init2)
 .init2         0x000000000000016a        0xc /opt/avr8-gnu-toolchain-linux_x86_64/bin/../lib/gcc/avr/7.3.0/../../../../avr/lib/avr5/crtatmega328.o
 *(.init2)
 *(.init3)
 *(.init3)
 *(.init4)
 .init4         0x0000000000000176       0x16 /opt/avr8-gnu-toolchain-linux_x86_64/bin/../lib/gcc/avr/7.3.0/avr5/libgcc.a(_copy_data.o)
                0x0000000000000176                __do_copy_data
 .init4         0x000000000000018c       0x10 /opt/avr8-gnu-toolchain-linux_x86_64/bin/../lib/gcc/avr/7.3.0/avr5/libgcc.a(_clear_bss.o)
                0x000000000000018c                __do_clear_bss
 *(.init4)
 *(.init5)
 *(.init5)
 *(.init6)
 .init6         0x000000000000019c       0x16 /opt/avr8-gnu-toolchain-linux_x86_64/bin/../lib/gcc/avr/7.3.0/avr5/libgcc.a(_ctors.o)
                0x000000000000019c                __do_global_ctors
 *(.init6)
 *(.init7)
 *(.init7)
 *(.init8)
 *(.init8)
 *(.init9)
 .init9         0x00000000000001b2        0x8 /opt/avr8-gnu-toolchain-linux_x86_64/bin/../lib/gcc/avr/7.3.0/../../../../avr/lib/avr5/crtatmega328.o
 *(.init9)
 *(.text)
 .text          0x00000000000001ba        0x4 /opt/avr8-gnu-toolchain-linux_x86_64/bin/../lib/gcc/avr/7.3.0/../../../../avr/lib/avr5/crtatmega328.o
                0x00000000000001ba                __vector_22
                0x00000000000001ba                __vector_24
                0x00000000000001ba                __vector_12
                0x00000000000001ba                __bad_interrupt
                0x00000000000001ba                __vector_6
                0x00000000000001ba                __vector_3
                0x00000000000001ba                __vector_23
                0x00000000000001ba                __vector_25
                0x00000000000001ba                __vector_13
                0x00000000000001ba                __vector_7
                0x00000000000001ba                __vector_5
                0x00000000000001ba                __vector_4
                0x00000000000001ba                __vector_9
                0x00000000000001ba                __vector_2
                0x00000000000001ba                __vector_21
                0x00000000000001ba                __vector_15
                0x00000000000001ba                __vector_8
                0x00000000000001ba                __vector_10
                0x00000000000001ba                __vector_16
                0x00000000000001ba                __vector_20
                0x00000000000001be                . = ALIGN (0x2)
 *(.text.*)
 .text._ZZ4mainENUlvE_4_FUNEv
                0x00000000000001be       0x1e CMakeFiles/ATmega328_SMART_BELL_FW.dir/smart_bell.cpp.obj
 .text._ZZ4mainENUlvE0_4_FUNEv
                0x00000000000001dc        0xa CMakeFiles/ATmega328_SMART_BELL_FW.dir/smart_bell.cpp.obj
 .text._ZZ4mainENUlvE1_4_FUNEv
                0x00000000000001e6        0xa CMakeFiles/ATmega328_SMART_BELL_FW.dir/smart_bell.cpp.obj
 .text.__vector_1
                0x00000000000001f0       0x38 CMakeFiles/ATmega328_SMART_BELL_FW.dir/smart_bell.cpp.obj
                0x00000000000001f0                __vector_1
 .text.__vector_14
                0x0000000000000228       0x48 CMakeFiles/ATmega328_SMART_BELL_FW.dir/smart_bell.cpp.obj
                0x0000000000000228                __vector_14
 .text.__vector_11
                0x0000000000000270       0x22 CMakeFiles/ATmega328_SMART_BELL_FW.dir/smart_bell.cpp.obj
                0x0000000000000270                __vector_11
 .text._Z10setup_GPIOv
                0x0000000000000292        0xe CMakeFiles/ATmega328_SMART_BELL_FW.dir/smart_bell.cpp.obj
                0x0000000000000292                _Z10setup_GPIOv
 .text.startup.main
                0x00000000000002a0      0x50e CMakeFiles/ATmega328_SMART_BELL_FW.dir/smart_bell.cpp.obj
                0x00000000000002a0                main
 .text._ZN22external_pin_interrupt10setup_INT0ENS_8EdgeTypeE
                0x00000000000007ae       0x42 ../src/libATmega328_PIN_INT.a(SetupEXT_IN_Interrupt.cpp.obj)
                0x00000000000007ae                _ZN22external_pin_interrupt10setup_INT0ENS_8EdgeTypeE
 .text._ZN22external_pin_interrupt36setup_INT0_PullUpResistorFallingEdgeEv
                0x00000000000007f0        0x6 ../src/libATmega328_PIN_INT.a(SetupEXT_IN_Interrupt.cpp.obj)
                0x00000000000007f0                _ZN22external_pin_interrupt36setup_INT0_PullUpResistorFallingEdgeEv
 .text._ZN15timer_interrupt8ctc_mode21setup_timer0_ctc_modeENS_9PrescalerEj
                0x00000000000007f6       0x28 ../src/libATmega328_TIMER_INT.a(SetupTimer.cpp.obj)
                0x00000000000007f6                _ZN15timer_interrupt8ctc_mode21setup_timer0_ctc_modeENS_9PrescalerEj
 .text._ZN15timer_interrupt8ctc_mode16setup_timer0_1msEv
                0x000000000000081e       0x1c ../src/libATmega328_TIMER_INT.a(SetupTimer.cpp.obj)
                0x000000000000081e                _ZN15timer_interrupt8ctc_mode16setup_timer0_1msEv
 .text._ZNK6serial4UART22is_read_data_availableEv
                0x000000000000083a       0x12 ../src/Serial/libATmega328_USART.a(UART.cpp.obj)
                0x000000000000083a                _ZNK6serial4UART22is_read_data_availableEv
 .text._ZN6serial4UART9read_byteEv
                0x000000000000084c       0x2a ../src/Serial/libATmega328_USART.a(UART.cpp.obj)
                0x000000000000084c                _ZN6serial4UART9read_byteEv
 .text.__vector_18
                0x0000000000000876       0x4c ../src/Serial/libATmega328_USART.a(UART.cpp.obj)
                0x0000000000000876                __vector_18
 .text.__vector_19
                0x00000000000008c2       0x5a ../src/Serial/libATmega328_USART.a(UART.cpp.obj)
                0x00000000000008c2                __vector_19
 .text._ZN6serial4UART28calculate_baudrate_prescalerERKNS_8BaudrateERKNS_17Asynchronous_modeE
                0x000000000000091c       0x42 ../src/Serial/libATmega328_USART.a(UART.cpp.obj)
                0x000000000000091c                _ZN6serial4UART28calculate_baudrate_prescalerERKNS_8BaudrateERKNS_17Asynchronous_modeE
 .text._ZN6serial4UARTC2ERKNS_17Serial_parametersE
                0x000000000000095e       0x6e ../src/Serial/libATmega328_USART.a(UART.cpp.obj)
                0x000000000000095e                _ZN6serial4UARTC2ERKNS_17Serial_parametersE
                0x000000000000095e                _ZN6serial4UARTC1ERKNS_17Serial_parametersE
 .text._ZN6serial4UART5send_Ev
                0x00000000000009cc       0x40 ../src/Serial/libATmega328_USART.a(UART.cpp.obj)
                0x00000000000009cc                _ZN6serial4UART5send_Ev
 .text._ZN6serial4UART4sendEh
                0x0000000000000a0c       0x36 ../src/Serial/libATmega328_USART.a(UART.cpp.obj)
                0x0000000000000a0c                _ZN6serial4UART4sendEh
 .text._ZN6serial4UART10send_bytesEPKhj
                0x0000000000000a42       0x46 ../src/Serial/libATmega328_USART.a(UART.cpp.obj)
                0x0000000000000a42                _ZN6serial4UART10send_bytesEPKhj
 .text._ZN6serial4UART11send_stringEPKc
                0x0000000000000a88       0x42 ../src/Serial/libATmega328_USART.a(UART.cpp.obj)
                0x0000000000000a88                _ZN6serial4UART11send_stringEPKc
 .text._ZNK6serial3SPI22is_read_data_availableEv
                0x0000000000000aca       0x12 ../src/Serial/libATmega328_SPI.a(SPI.cpp.obj)
                0x0000000000000aca                _ZNK6serial3SPI22is_read_data_availableEv
 .text._ZN6serial3SPI9read_byteEv
                0x0000000000000adc       0x4c ../src/Serial/libATmega328_SPI.a(SPI.cpp.obj)
                0x0000000000000adc                _ZN6serial3SPI9read_byteEv
 .text._ZN6serial3SPIC2ERKNS_14SPI_parametersEh
                0x0000000000000b28       0x30 ../src/Serial/libATmega328_SPI.a(SPI.cpp.obj)
                0x0000000000000b28                _ZN6serial3SPIC2ERKNS_14SPI_parametersEh
                0x0000000000000b28                _ZN6serial3SPIC1ERKNS_14SPI_parametersEh
 .text._ZN6serial3SPI5send_Ev
                0x0000000000000b58       0xa0 ../src/Serial/libATmega328_SPI.a(SPI.cpp.obj)
                0x0000000000000b58                _ZN6serial3SPI5send_Ev
 .text._ZN5utils14CircularBufferILj16EE9push_backEh
                0x0000000000000bf8       0x34 ../src/Serial/libATmega328_SPI.a(SPI.cpp.obj)
                0x0000000000000bf8                _ZN5utils14CircularBufferILj16EE9push_backEh
 .text.__vector_17
                0x0000000000000c2c       0x66 ../src/Serial/libATmega328_SPI.a(SPI.cpp.obj)
                0x0000000000000c2c                __vector_17
 .text._ZN6serial3SPI4sendEh
                0x0000000000000c92       0x18 ../src/Serial/libATmega328_SPI.a(SPI.cpp.obj)
                0x0000000000000c92                _ZN6serial3SPI4sendEh
 .text._ZN6serial3SPI10send_bytesEPKhj
                0x0000000000000caa       0x3a ../src/Serial/libATmega328_SPI.a(SPI.cpp.obj)
                0x0000000000000caa                _ZN6serial3SPI10send_bytesEPKhj
 .text._ZN6serial3SPI11send_stringEPKc
                0x0000000000000ce4       0x2a ../src/Serial/libATmega328_SPI.a(SPI.cpp.obj)
                0x0000000000000ce4                _ZN6serial3SPI11send_stringEPKc
 .text.startup._GLOBAL__sub_I_err_dummy_
                0x0000000000000d0e       0x36 ../src/Serial/libATmega328_SPI.a(SPI.cpp.obj)
 .text.__cxa_guard_acquire
                0x0000000000000d44       0x12 ../src/Utils/libATmega328_UTILS.a(new_delete.cpp.obj)
                0x0000000000000d44                __cxa_guard_acquire
 .text.__cxa_guard_release
                0x0000000000000d56        0x8 ../src/Utils/libATmega328_UTILS.a(new_delete.cpp.obj)
                0x0000000000000d56                __cxa_guard_release
 .text._ZN8Ethernet14W5500Interface11cb_spi_readEv
                0x0000000000000d5e        0xe ../src/Ethernet/libATmega328_W5500_ETHERNET.a(W5500Interface.cpp.obj)
                0x0000000000000d5e                _ZN8Ethernet14W5500Interface11cb_spi_readEv
 .text._ZN8Ethernet14W5500Interface12cb_spi_writeEh
                0x0000000000000d6c        0xc ../src/Ethernet/libATmega328_W5500_ETHERNET.a(W5500Interface.cpp.obj)
                0x0000000000000d6c                _ZN8Ethernet14W5500Interface12cb_spi_writeEh
 .text._ZN8Ethernet14W5500Interface17cb_spi_read_burstEPhj
                0x0000000000000d78       0x20 ../src/Ethernet/libATmega328_W5500_ETHERNET.a(W5500Interface.cpp.obj)
                0x0000000000000d78                _ZN8Ethernet14W5500Interface17cb_spi_read_burstEPhj
 .text._ZN8Ethernet14W5500Interface18cb_spi_write_burstEPhj
                0x0000000000000d98       0x1e ../src/Ethernet/libATmega328_W5500_ETHERNET.a(W5500Interface.cpp.obj)
                0x0000000000000d98                _ZN8Ethernet14W5500Interface18cb_spi_write_burstEPhj
 .text._ZN8Ethernet14W5500InterfaceC2EPN6serial3SPIENS_14W5500CallbacksE
                0x0000000000000db6       0x7c ../src/Ethernet/libATmega328_W5500_ETHERNET.a(W5500Interface.cpp.obj)
                0x0000000000000db6                _ZN8Ethernet14W5500InterfaceC2EPN6serial3SPIENS_14W5500CallbacksE
                0x0000000000000db6                _ZN8Ethernet14W5500InterfaceC1EPN6serial3SPIENS_14W5500CallbacksE
 .text._ZN8Ethernet14W5500Interface10soft_resetEv
                0x0000000000000e32       0x20 ../src/Ethernet/libATmega328_W5500_ETHERNET.a(W5500Interface.cpp.obj)
                0x0000000000000e32                _ZN8Ethernet14W5500Interface10soft_resetEv
 .text._ZN8Ethernet14W5500Interface4initEv
                0x0000000000000e52       0xb0 ../src/Ethernet/libATmega328_W5500_ETHERNET.a(W5500Interface.cpp.obj)
                0x0000000000000e52                _ZN8Ethernet14W5500Interface4initEv
 .text._ZN8Ethernet14W5500Interface7set_MACEPKNS_10MacAddressE
                0x0000000000000f02       0x2a ../src/Ethernet/libATmega328_W5500_ETHERNET.a(W5500Interface.cpp.obj)
                0x0000000000000f02                _ZN8Ethernet14W5500Interface7set_MACEPKNS_10MacAddressE
 .text._ZN8Ethernet14W5500Interface6set_IPEPKNS_9IpAddressE
                0x0000000000000f2c       0x32 ../src/Ethernet/libATmega328_W5500_ETHERNET.a(W5500Interface.cpp.obj)
                0x0000000000000f2c                _ZN8Ethernet14W5500Interface6set_IPEPKNS_9IpAddressE
 .text._ZN8Ethernet14W5500Interface10set_subnetEPKNS_10SubnetMaskE
                0x0000000000000f5e       0x32 ../src/Ethernet/libATmega328_W5500_ETHERNET.a(W5500Interface.cpp.obj)
                0x0000000000000f5e                _ZN8Ethernet14W5500Interface10set_subnetEPKNS_10SubnetMaskE
 .text._ZN8Ethernet14W5500Interface11set_gatewayEPKNS_14GatewayAddressE
                0x0000000000000f90       0x32 ../src/Ethernet/libATmega328_W5500_ETHERNET.a(W5500Interface.cpp.obj)
                0x0000000000000f90                _ZN8Ethernet14W5500Interface11set_gatewayEPKNS_14GatewayAddressE
 .text._ZN8Ethernet14W5500Interface18set_network_configEPKNS_10MacAddressEPKNS_9IpAddressEPKNS_10SubnetMaskEPKNS_14GatewayAddressE
                0x0000000000000fc2       0x42 ../src/Ethernet/libATmega328_W5500_ETHERNET.a(W5500Interface.cpp.obj)
                0x0000000000000fc2                _ZN8Ethernet14W5500Interface18set_network_configEPKNS_10MacAddressEPKNS_9IpAddressEPKNS_10SubnetMaskEPKNS_14GatewayAddressE
 .text._ZN4MQTT11MinimalMQTTC2EPN6serial4UARTE
                0x0000000000001004       0x6a ../src/MQTT/libATmega328_MQTT.a(MinimalMQTT.cpp.obj)
                0x0000000000001004                _ZN4MQTT11MinimalMQTTC2EPN6serial4UARTE
                0x0000000000001004                _ZN4MQTT11MinimalMQTTC1EPN6serial4UARTE
 .text._ZN4MQTT11MinimalMQTT17socket_disconnectEv
                0x000000000000106e        0xc ../src/MQTT/libATmega328_MQTT.a(MinimalMQTT.cpp.obj)
                0x000000000000106e                _ZN4MQTT11MinimalMQTT17socket_disconnectEv
 .text._ZN4MQTT11MinimalMQTT11socket_sendEPKhj
                0x000000000000107a       0x26 ../src/MQTT/libATmega328_MQTT.a(MinimalMQTT.cpp.obj)
                0x000000000000107a                _ZN4MQTT11MinimalMQTT11socket_sendEPKhj
 .text._ZN4MQTT11MinimalMQTT11socket_recvEPhj
                0x00000000000010a0       0x54 ../src/MQTT/libATmega328_MQTT.a(MinimalMQTT.cpp.obj)
                0x00000000000010a0                _ZN4MQTT11MinimalMQTT11socket_recvEPhj
 .text._ZN4MQTT11MinimalMQTT19socket_is_connectedEv
                0x00000000000010f4       0x18 ../src/MQTT/libATmega328_MQTT.a(MinimalMQTT.cpp.obj)
                0x00000000000010f4                _ZN4MQTT11MinimalMQTT19socket_is_connectedEv
 .text._ZN4MQTT11MinimalMQTT19send_connect_packetEv
                0x000000000000110c      0x1a8 ../src/MQTT/libATmega328_MQTT.a(MinimalMQTT.cpp.obj)
                0x000000000000110c                _ZN4MQTT11MinimalMQTT19send_connect_packetEv
 .text._ZN4MQTT11MinimalMQTT12send_pingreqEv
                0x00000000000012b4       0x3a ../src/MQTT/libATmega328_MQTT.a(MinimalMQTT.cpp.obj)
                0x00000000000012b4                _ZN4MQTT11MinimalMQTT12send_pingreqEv
 .text._ZN4MQTT11MinimalMQTT23process_incoming_packetEv
                0x00000000000012ee       0xe0 ../src/MQTT/libATmega328_MQTT.a(MinimalMQTT.cpp.obj)
                0x00000000000012ee                _ZN4MQTT11MinimalMQTT23process_incoming_packetEv
 .text._ZN4MQTT11MinimalMQTT3logEPKc
                0x00000000000013ce       0x1a ../src/MQTT/libATmega328_MQTT.a(MinimalMQTT.cpp.obj)
                0x00000000000013ce                _ZN4MQTT11MinimalMQTT3logEPKc
 .text._ZN4MQTT11MinimalMQTT7publishEPKcPKhj
                0x00000000000013e8      0x114 ../src/MQTT/libATmega328_MQTT.a(MinimalMQTT.cpp.obj)
                0x00000000000013e8                _ZN4MQTT11MinimalMQTT7publishEPKcPKhj
 .text._ZN4MQTT11MinimalMQTT4loopEv
                0x00000000000014fc       0xe6 ../src/MQTT/libATmega328_MQTT.a(MinimalMQTT.cpp.obj)
                0x00000000000014fc                _ZN4MQTT11MinimalMQTT4loopEv
 .text._ZN4MQTT11MinimalMQTT14socket_connectEv
                0x00000000000015e2       0x8c ../src/MQTT/libATmega328_MQTT.a(MinimalMQTT.cpp.obj)
                0x00000000000015e2                _ZN4MQTT11MinimalMQTT14socket_connectEv
 .text._ZN4MQTT11MinimalMQTT16wait_for_connackEv
                0x000000000000166e       0x98 ../src/MQTT/libATmega328_MQTT.a(MinimalMQTT.cpp.obj)
                0x000000000000166e                _ZN4MQTT11MinimalMQTT16wait_for_connackEv
 .text._ZN4MQTT11MinimalMQTT7connectERKNS_6ConfigE
                0x0000000000001706       0xaa ../src/MQTT/libATmega328_MQTT.a(MinimalMQTT.cpp.obj)
                0x0000000000001706                _ZN4MQTT11MinimalMQTT7connectERKNS_6ConfigE
 .text._ZN6Config17LightweightConfig17reset_to_defaultsEv
                0x00000000000017b0       0x76 ../src/Config/libATmega328_CONFIG.a(LightweightConfig.cpp.obj)
                0x00000000000017b0                _ZN6Config17LightweightConfig17reset_to_defaultsEv
 .text._ZN6Config17LightweightConfigC2ERN6serial9InterfaceE
                0x0000000000001826        0xc ../src/Config/libATmega328_CONFIG.a(LightweightConfig.cpp.obj)
                0x0000000000001826                _ZN6Config17LightweightConfigC1ERN6serial9InterfaceE
                0x0000000000001826                _ZN6Config17LightweightConfigC2ERN6serial9InterfaceE
 .text._ZN6Config17LightweightConfig8parse_ipEPKcPh
                0x0000000000001832       0x70 ../src/Config/libATmega328_CONFIG.a(LightweightConfig.cpp.obj)
                0x0000000000001832                _ZN6Config17LightweightConfig8parse_ipEPKcPh
 .text._ZN6Config17LightweightConfig3msgEPKc
                0x00000000000018a2       0x1c ../src/Config/libATmega328_CONFIG.a(LightweightConfig.cpp.obj)
                0x00000000000018a2                _ZN6Config17LightweightConfig3msgEPKc
 .text._ZN6Config17LightweightConfig4loadEv
                0x00000000000018be       0x70 ../src/Config/libATmega328_CONFIG.a(LightweightConfig.cpp.obj)
                0x00000000000018be                _ZN6Config17LightweightConfig4loadEv
 .text._ZN6Config17LightweightConfig4saveEv
                0x000000000000192e       0x36 ../src/Config/libATmega328_CONFIG.a(LightweightConfig.cpp.obj)
                0x000000000000192e                _ZN6Config17LightweightConfig4saveEv
 .text._ZN6Config17LightweightConfig15process_commandEPKc
                0x0000000000001964      0x4b8 ../src/Config/libATmega328_CONFIG.a(LightweightConfig.cpp.obj)
                0x0000000000001964                _ZN6Config17LightweightConfig15process_commandEPKc
 .text.WIZCHIP_READ
                0x0000000000001e1c       0xcc ../src/Ethernet/libATmega328_W5500_ETHERNET_WIZNET_IOLIBRARY.a(w5500.c.obj)
                0x0000000000001e1c                WIZCHIP_READ
 .text.WIZCHIP_WRITE
                0x0000000000001ee8       0xcc ../src/Ethernet/libATmega328_W5500_ETHERNET_WIZNET_IOLIBRARY.a(w5500.c.obj)
                0x0000000000001ee8                WIZCHIP_WRITE
 .text.WIZCHIP_READ_BUF
                0x0000000000001fb4      0x106 ../src/Ethernet/libATmega328_W5500_ETHERNET_WIZNET_IOLIBRARY.a(w5500.c.obj)
                0x0000000000001fb4                WIZCHIP_READ_BUF
 .text.WIZCHIP_WRITE_BUF
                0x00000000000020ba       0xf6 ../src/Ethernet/libATmega328_W5500_ETHERNET_WIZNET_IOLIBRARY.a(w5500.c.obj)
                0x00000000000020ba                WIZCHIP_WRITE_BUF
 .text.getSn_TX_FSR
                0x00000000000021b0       0xae ../src/Ethernet/libATmega328_W5500_ETHERNET_WIZNET_IOLIBRARY.a(w5500.c.obj)
                0x00000000000021b0                getSn_TX_FSR
 .text.getSn_RX_RSR
                0x000000000000225e       0xae ../src/Ethernet/libATmega328_W5500_ETHERNET_WIZNET_IOLIBRARY.a(w5500.c.obj)
                0x000000000000225e                getSn_RX_RSR
 .text.wiz_send_data
                0x000000000000230c      0x10c ../src/Ethernet/libATmega328_W5500_ETHERNET_WIZNET_IOLIBRARY.a(w5500.c.obj)
                0x000000000000230c                wiz_send_data
 .text.wiz_recv_data
                0x0000000000002418      0x10c ../src/Ethernet/libATmega328_W5500_ETHERNET_WIZNET_IOLIBRARY.a(w5500.c.obj)
                0x0000000000002418                wiz_recv_data
 .text.close    0x0000000000002524       0xf0 ../src/Ethernet/libATmega328_W5500_ETHERNET_WIZNET_IOLIBRARY.a(socket.c.obj)
                0x0000000000002524                close
 .text.socket   0x0000000000002614      0x206 ../src/Ethernet/libATmega328_W5500_ETHERNET_WIZNET_IOLIBRARY.a(socket.c.obj)
                0x0000000000002614                socket
 .text.connect  0x000000000000281a      0x1ba ../src/Ethernet/libATmega328_W5500_ETHERNET_WIZNET_IOLIBRARY.a(socket.c.obj)
                0x000000000000281a                connect
 .text.disconnect
                0x00000000000029d4      0x102 ../src/Ethernet/libATmega328_W5500_ETHERNET_WIZNET_IOLIBRARY.a(socket.c.obj)
                0x00000000000029d4                disconnect
 .text.send     0x0000000000002ad6      0x210 ../src/Ethernet/libATmega328_W5500_ETHERNET_WIZNET_IOLIBRARY.a(socket.c.obj)
                0x0000000000002ad6                send
 .text.recv     0x0000000000002ce6      0x1dc ../src/Ethernet/libATmega328_W5500_ETHERNET_WIZNET_IOLIBRARY.a(socket.c.obj)
                0x0000000000002ce6                recv
 .text.wizchip_cris_enter
                0x0000000000002ec2        0x2 ../src/Ethernet/libATmega328_W5500_ETHERNET_WIZNET_IOLIBRARY.a(wizchip_conf.c.obj)
                0x0000000000002ec2                wizchip_cris_enter
 .text.wizchip_bus_readdata
                0x0000000000002ec4        0x6 ../src/Ethernet/libATmega328_W5500_ETHERNET_WIZNET_IOLIBRARY.a(wizchip_conf.c.obj)
                0x0000000000002ec4                wizchip_bus_readdata
 .text.wizchip_bus_writedata
                0x0000000000002eca        0x6 ../src/Ethernet/libATmega328_W5500_ETHERNET_WIZNET_IOLIBRARY.a(wizchip_conf.c.obj)
                0x0000000000002eca                wizchip_bus_writedata
 .text.wizchip_spi_readbyte
                0x0000000000002ed0        0x4 ../src/Ethernet/libATmega328_W5500_ETHERNET_WIZNET_IOLIBRARY.a(wizchip_conf.c.obj)
                0x0000000000002ed0                wizchip_spi_readbyte
 .text.wizchip_spi_writebyte
                0x0000000000002ed4        0x2 ../src/Ethernet/libATmega328_W5500_ETHERNET_WIZNET_IOLIBRARY.a(wizchip_conf.c.obj)
                0x0000000000002ed4                wizchip_spi_writebyte
 .text.wizchip_spi_readburst
                0x0000000000002ed6        0x2 ../src/Ethernet/libATmega328_W5500_ETHERNET_WIZNET_IOLIBRARY.a(wizchip_conf.c.obj)
                0x0000000000002ed6                wizchip_spi_readburst
 .text.wizchip_spi_writeburst
                0x0000000000002ed8        0x2 ../src/Ethernet/libATmega328_W5500_ETHERNET_WIZNET_IOLIBRARY.a(wizchip_conf.c.obj)
                0x0000000000002ed8                wizchip_spi_writeburst
 .text.wizchip_cris_exit
                0x0000000000002eda        0x2 ../src/Ethernet/libATmega328_W5500_ETHERNET_WIZNET_IOLIBRARY.a(wizchip_conf.c.obj)
                0x0000000000002eda                wizchip_cris_exit
 .text.wizchip_cs_select
                0x0000000000002edc        0x2 ../src/Ethernet/libATmega328_W5500_ETHERNET_WIZNET_IOLIBRARY.a(wizchip_conf.c.obj)
                0x0000000000002edc                wizchip_cs_select
 .text.wizchip_cs_deselect
                0x0000000000002ede        0x2 ../src/Ethernet/libATmega328_W5500_ETHERNET_WIZNET_IOLIBRARY.a(wizchip_conf.c.obj)
                0x0000000000002ede                wizchip_cs_deselect
 .text.reg_wizchip_cs_cbfunc
                0x0000000000002ee0       0x36 ../src/Ethernet/libATmega328_W5500_ETHERNET_WIZNET_IOLIBRARY.a(wizchip_conf.c.obj)
                0x0000000000002ee0                reg_wizchip_cs_cbfunc
 .text.reg_wizchip_spi_cbfunc
                0x0000000000002f16       0x48 ../src/Ethernet/libATmega328_W5500_ETHERNET_WIZNET_IOLIBRARY.a(wizchip_conf.c.obj)
                0x0000000000002f16                reg_wizchip_spi_cbfunc
 .text.reg_wizchip_spiburst_cbfunc
                0x0000000000002f5e       0x48 ../src/Ethernet/libATmega328_W5500_ETHERNET_WIZNET_IOLIBRARY.a(wizchip_conf.c.obj)
                0x0000000000002f5e                reg_wizchip_spiburst_cbfunc
 .text.wizchip_sw_reset
                0x0000000000002fa6       0xec ../src/Ethernet/libATmega328_W5500_ETHERNET_WIZNET_IOLIBRARY.a(wizchip_conf.c.obj)
                0x0000000000002fa6                wizchip_sw_reset
 .text.wizchip_init
                0x0000000000003092       0xce ../src/Ethernet/libATmega328_W5500_ETHERNET_WIZNET_IOLIBRARY.a(wizchip_conf.c.obj)
                0x0000000000003092                wizchip_init
 .text.wizchip_clrinterrupt
                0x0000000000003160       0x7c ../src/Ethernet/libATmega328_W5500_ETHERNET_WIZNET_IOLIBRARY.a(wizchip_conf.c.obj)
                0x0000000000003160                wizchip_clrinterrupt
 .text.wizchip_getinterrupt
                0x00000000000031dc       0x32 ../src/Ethernet/libATmega328_W5500_ETHERNET_WIZNET_IOLIBRARY.a(wizchip_conf.c.obj)
                0x00000000000031dc                wizchip_getinterrupt
 .text.wizchip_setinterruptmask
                0x000000000000320e       0x22 ../src/Ethernet/libATmega328_W5500_ETHERNET_WIZNET_IOLIBRARY.a(wizchip_conf.c.obj)
                0x000000000000320e                wizchip_setinterruptmask
 .text.wizchip_getinterruptmask
                0x0000000000003230       0x2a ../src/Ethernet/libATmega328_W5500_ETHERNET_WIZNET_IOLIBRARY.a(wizchip_conf.c.obj)
                0x0000000000003230                wizchip_getinterruptmask
 .text.wizphy_getphylink
                0x000000000000325a       0x10 ../src/Ethernet/libATmega328_W5500_ETHERNET_WIZNET_IOLIBRARY.a(wizchip_conf.c.obj)
                0x000000000000325a                wizphy_getphylink
 .text.wizphy_getphypmode
                0x000000000000326a       0x1a ../src/Ethernet/libATmega328_W5500_ETHERNET_WIZNET_IOLIBRARY.a(wizchip_conf.c.obj)
                0x000000000000326a                wizphy_getphypmode
 .text.wizphy_reset
                0x0000000000003284       0x38 ../src/Ethernet/libATmega328_W5500_ETHERNET_WIZNET_IOLIBRARY.a(wizchip_conf.c.obj)
                0x0000000000003284                wizphy_reset
 .text.wizphy_setphyconf
                0x00000000000032bc       0x40 ../src/Ethernet/libATmega328_W5500_ETHERNET_WIZNET_IOLIBRARY.a(wizchip_conf.c.obj)
                0x00000000000032bc                wizphy_setphyconf
 .text.wizphy_getphyconf
                0x00000000000032fc       0x5a ../src/Ethernet/libATmega328_W5500_ETHERNET_WIZNET_IOLIBRARY.a(wizchip_conf.c.obj)
                0x00000000000032fc                wizphy_getphyconf
 .text.wizphy_setphypmode
                0x0000000000003356       0x56 ../src/Ethernet/libATmega328_W5500_ETHERNET_WIZNET_IOLIBRARY.a(wizchip_conf.c.obj)
                0x0000000000003356                wizphy_setphypmode
 .text.ctlwizchip
                0x00000000000033ac      0x12c ../src/Ethernet/libATmega328_W5500_ETHERNET_WIZNET_IOLIBRARY.a(wizchip_conf.c.obj)
                0x00000000000033ac                ctlwizchip
 .text.wizchip_setnetinfo
                0x00000000000034d8       0x80 ../src/Ethernet/libATmega328_W5500_ETHERNET_WIZNET_IOLIBRARY.a(wizchip_conf.c.obj)
                0x00000000000034d8                wizchip_setnetinfo
 .text.wizchip_getnetinfo
                0x0000000000003558       0x80 ../src/Ethernet/libATmega328_W5500_ETHERNET_WIZNET_IOLIBRARY.a(wizchip_conf.c.obj)
                0x0000000000003558                wizchip_getnetinfo
 .text._ZN6System12TimerService11on_1ms_tickEv
                0x00000000000035d8       0x28 ../src/System/libATmega328_TIMER_SERVICE.a(TimerService.cpp.obj)
                0x00000000000035d8                _ZN6System12TimerService11on_1ms_tickEv
 .text._ZN6System12TimerService6millisEv
                0x0000000000003600       0x18 ../src/System/libATmega328_TIMER_SERVICE.a(TimerService.cpp.obj)
                0x0000000000003600                _ZN6System12TimerService6millisEv
 .text.libgcc.div
                0x0000000000003618       0x18 /opt/avr8-gnu-toolchain-linux_x86_64/bin/../lib/gcc/avr/7.3.0/avr5/libgcc.a(_udivmodqi4.o)
                0x0000000000003618                __udivmodqi4
 .text.libgcc.div
                0x0000000000003630       0x44 /opt/avr8-gnu-toolchain-linux_x86_64/bin/../lib/gcc/avr/7.3.0/avr5/libgcc.a(_udivmodsi4.o)
                0x0000000000003630                __udivmodsi4
 .text.libgcc   0x0000000000003674        0xc /opt/avr8-gnu-toolchain-linux_x86_64/bin/../lib/gcc/avr/7.3.0/avr5/libgcc.a(_tablejump2.o)
                0x0000000000003674                __tablejump2__
 .text.avr-libc
                0x0000000000003680       0x12 /opt/avr8-gnu-toolchain-linux_x86_64/bin/../lib/gcc/avr/7.3.0/../../../../avr/lib/avr5/libc.a(memcpy.o)
                0x0000000000003680                memcpy
 .text.avr-libc
                0x0000000000003692       0x16 /opt/avr8-gnu-toolchain-linux_x86_64/bin/../lib/gcc/avr/7.3.0/../../../../avr/lib/avr5/libc.a(strchr.o)
                0x0000000000003692                strchr
 .text.avr-libc
                0x00000000000036a8       0x12 /opt/avr8-gnu-toolchain-linux_x86_64/bin/../lib/gcc/avr/7.3.0/../../../../avr/lib/avr5/libc.a(strcmp.o)
                0x00000000000036a8                strcmp
 .text.avr-libc
                0x00000000000036ba       0x1c /opt/avr8-gnu-toolchain-linux_x86_64/bin/../lib/gcc/avr/7.3.0/../../../../avr/lib/avr5/libc.a(strncmp.o)
                0x00000000000036ba                strncmp
 .text.avr-libc
                0x00000000000036d6       0x1e /opt/avr8-gnu-toolchain-linux_x86_64/bin/../lib/gcc/avr/7.3.0/../../../../avr/lib/avr5/libc.a(strncpy.o)
                0x00000000000036d6                strncpy
 .text.avr-libc
                0x00000000000036f4       0x20 /opt/avr8-gnu-toolchain-linux_x86_64/bin/../lib/gcc/avr/7.3.0/../../../../avr/lib/avr5/libatmega328.a(eerd_block.o)
                0x00000000000036f4                eeprom_read_block
                0x00000000000036f8                eeprom_read_blraw
 .text.avr-libc
                0x0000000000003714       0x20 /opt/avr8-gnu-toolchain-linux_x86_64/bin/../lib/gcc/avr/7.3.0/../../../../avr/lib/avr5/libatmega328.a(eeupd_block.o)
                0x0000000000003714                eeprom_update_block
 .text.avr-libc
                0x0000000000003734       0x24 /opt/avr8-gnu-toolchain-linux_x86_64/bin/../lib/gcc/avr/7.3.0/../../../../avr/lib/avr5/libatmega328.a(eeupd_byte.o)
                0x0000000000003734                eeprom_update_byte
                0x0000000000003736                eeprom_update_r18
                0x0000000000003758                . = ALIGN (0x2)
 *(.fini9)
 .fini9         0x0000000000003758        0x0 /opt/avr8-gnu-toolchain-linux_x86_64/bin/../lib/gcc/avr/7.3.0/avr5/libgcc.a(_exit.o)
                0x0000000000003758                exit
                0x0000000000003758                _exit
 *(.fini9)
 *(.fini8)
 *(.fini8)
 *(.fini7)
 *(.fini7)
 *(.fini6)
 *(.fini6)
 *(.fini5)
 *(.fini5)
 *(.fini4)
 *(.fini4)
 *(.fini3)
 *(.fini3)
 *(.fini2)
 *(.fini2)
 *(.fini1)
 *(.fini1)
 *(.fini0)
 .fini0         0x0000000000003758        0x4 /opt/avr8-gnu-toolchain-linux_x86_64/bin/../lib/gcc/avr/7.3.0/avr5/libgcc.a(_exit.o)
 *(.fini0)
                0x000000000000375c                _etext = .

.data           0x0000000000800100      0x3d4 load address 0x000000000000375c
                0x0000000000800100                PROVIDE (__data_start, .)
 *(.data)
 *(.data*)
 .data.bell_enabled
                0x0000000000800100        0x1 CMakeFiles/ATmega328_SMART_BELL_FW.dir/smart_bell.cpp.obj
                0x0000000000800100                bell_enabled
 .data.sock_any_port
                0x0000000000800101        0x2 ../src/Ethernet/libATmega328_W5500_ETHERNET_WIZNET_IOLIBRARY.a(socket.c.obj)
 .data.WIZCHIP  0x0000000000800103       0x1a ../src/Ethernet/libATmega328_W5500_ETHERNET_WIZNET_IOLIBRARY.a(wizchip_conf.c.obj)
                0x0000000000800103                WIZCHIP
 *(.gnu.linkonce.d*)
 *(.rodata)
 .rodata        0x000000000080011d        0xf CMakeFiles/ATmega328_SMART_BELL_FW.dir/smart_bell.cpp.obj
 .rodata        0x000000000080012c       0x10 ../src/Ethernet/libATmega328_W5500_ETHERNET.a(W5500Interface.cpp.obj)
 *(.rodata*)
 .rodata.main.str1.1
                0x000000000080013c       0xfc CMakeFiles/ATmega328_SMART_BELL_FW.dir/smart_bell.cpp.obj
                                         0xff (size before relaxing)
 .rodata._ZZ4mainE10kTopicRing
                0x0000000000800238        0xf CMakeFiles/ATmega328_SMART_BELL_FW.dir/smart_bell.cpp.obj
 .rodata._ZTVN6serial4UARTE
                0x0000000000800247        0xe ../src/Serial/libATmega328_USART.a(UART.cpp.obj)
                0x0000000000800247                _ZTVN6serial4UARTE
 .rodata._ZTVN6serial3SPIE
                0x0000000000800255        0xe ../src/Serial/libATmega328_SPI.a(SPI.cpp.obj)
                0x0000000000800255                _ZTVN6serial3SPIE
 .rodata._ZN8Ethernet14W5500Interface4initEv.str1.1
                0x0000000000800263       0x14 ../src/Ethernet/libATmega328_W5500_ETHERNET.a(W5500Interface.cpp.obj)
 .rodata._ZN4MQTT11MinimalMQTT7publishEPKcPKhj.str1.1
                0x0000000000800277       0x1b ../src/MQTT/libATmega328_MQTT.a(MinimalMQTT.cpp.obj)
 .rodata._ZN4MQTT11MinimalMQTT4loopEv.str1.1
                0x0000000000800292       0x38 ../src/MQTT/libATmega328_MQTT.a(MinimalMQTT.cpp.obj)
 .rodata._ZN4MQTT11MinimalMQTT14socket_connectEv.str1.1
                0x00000000008002ca       0x11 ../src/MQTT/libATmega328_MQTT.a(MinimalMQTT.cpp.obj)
 .rodata._ZN4MQTT11MinimalMQTT16wait_for_connackEv.str1.1
                0x00000000008002db       0x32 ../src/MQTT/libATmega328_MQTT.a(MinimalMQTT.cpp.obj)
 .rodata._ZN4MQTT11MinimalMQTT7connectERKNS_6ConfigE.str1.1
                0x000000000080030d       0x62 ../src/MQTT/libATmega328_MQTT.a(MinimalMQTT.cpp.obj)
                                         0x79 (size before relaxing)
 .rodata._ZN6Config17LightweightConfig17reset_to_defaultsEv.str1.1
                0x000000000080036f        0xa ../src/Config/libATmega328_CONFIG.a(LightweightConfig.cpp.obj)
 .rodata._ZN6Config17LightweightConfig4loadEv.str1.1
                0x0000000000800379       0x2f ../src/Config/libATmega328_CONFIG.a(LightweightConfig.cpp.obj)
 .rodata._ZN6Config17LightweightConfig4saveEv.str1.1
                0x00000000008003a8        0xe ../src/Config/libATmega328_CONFIG.a(LightweightConfig.cpp.obj)
 .rodata._ZN6Config17LightweightConfig15process_commandEPKc.str1.1
                0x00000000008003b6      0x11d ../src/Config/libATmega328_CONFIG.a(LightweightConfig.cpp.obj)
                                        0x120 (size before relaxing)
 *(.gnu.linkonce.r*)
                0x00000000008004d4                . = ALIGN (0x2)
 *fill*         0x00000000008004d3        0x1 
                0x00000000008004d4                _edata = .
                0x00000000008004d4                PROVIDE (__data_end, .)

.bss            0x00000000008004d4      0x38b
                0x00000000008004d4                PROVIDE (__bss_start, .)
 *(.bss)
 *(.bss*)
 .bss._ZZ4mainE13reconnect_cfg
                0x00000000008004d4       0x51 CMakeFiles/ATmega328_SMART_BELL_FW.dir/smart_bell.cpp.obj
 .bss._ZGVZ4mainE20mqtt_client_instance
                0x0000000000800525        0x8 CMakeFiles/ATmega328_SMART_BELL_FW.dir/smart_bell.cpp.obj
 .bss._ZZ4mainE20mqtt_client_instance
                0x000000000080052d      0x101 CMakeFiles/ATmega328_SMART_BELL_FW.dir/smart_bell.cpp.obj
 .bss._ZGVZ4mainE5w5500
                0x000000000080062e        0x8 CMakeFiles/ATmega328_SMART_BELL_FW.dir/smart_bell.cpp.obj
 .bss._ZZ4mainE5w5500
                0x0000000000800636        0xb CMakeFiles/ATmega328_SMART_BELL_FW.dir/smart_bell.cpp.obj
 .bss._ZGVZ4mainE3spi
                0x0000000000800641        0x8 CMakeFiles/ATmega328_SMART_BELL_FW.dir/smart_bell.cpp.obj
 .bss._ZZ4mainE3spi
                0x0000000000800649        0x3 CMakeFiles/ATmega328_SMART_BELL_FW.dir/smart_bell.cpp.obj
 .bss._ZGVZ4mainE6config
                0x000000000080064c        0x8 CMakeFiles/ATmega328_SMART_BELL_FW.dir/smart_bell.cpp.obj
 .bss._ZZ4mainE6config
                0x0000000000800654       0x2f CMakeFiles/ATmega328_SMART_BELL_FW.dir/smart_bell.cpp.obj
 .bss.cmd_index
                0x0000000000800683        0x1 CMakeFiles/ATmega328_SMART_BELL_FW.dir/smart_bell.cpp.obj
                0x0000000000800683                cmd_index
 .bss.cmd_buffer
                0x0000000000800684       0x20 CMakeFiles/ATmega328_SMART_BELL_FW.dir/smart_bell.cpp.obj
                0x0000000000800684                cmd_buffer
 .bss._ZL8g_config
                0x00000000008006a4        0x2 CMakeFiles/ATmega328_SMART_BELL_FW.dir/smart_bell.cpp.obj
 .bss._ZL13g_mqtt_client
                0x00000000008006a6        0x2 CMakeFiles/ATmega328_SMART_BELL_FW.dir/smart_bell.cpp.obj
 .bss.mqtt_ring_sent
                0x00000000008006a8        0x1 CMakeFiles/ATmega328_SMART_BELL_FW.dir/smart_bell.cpp.obj
                0x00000000008006a8                mqtt_ring_sent
 .bss.ring_active
                0x00000000008006a9        0x1 CMakeFiles/ATmega328_SMART_BELL_FW.dir/smart_bell.cpp.obj
                0x00000000008006a9                ring_active
 .bss.button_pressed
                0x00000000008006aa        0x1 CMakeFiles/ATmega328_SMART_BELL_FW.dir/smart_bell.cpp.obj
                0x00000000008006aa                button_pressed
 .bss.timer_counter
                0x00000000008006ab        0x1 CMakeFiles/ATmega328_SMART_BELL_FW.dir/smart_bell.cpp.obj
                0x00000000008006ab                timer_counter
 .bss._ZN12_GLOBAL__N_110tx_buffer_E
                0x00000000008006ac      0x100 ../src/Serial/libATmega328_USART.a(UART.cpp.obj)
 .bss._ZN12_GLOBAL__N_18tx_tail_E
                0x00000000008007ac        0x1 ../src/Serial/libATmega328_USART.a(UART.cpp.obj)
 .bss._ZN12_GLOBAL__N_18tx_head_E
                0x00000000008007ad        0x1 ../src/Serial/libATmega328_USART.a(UART.cpp.obj)
 .bss._ZN12_GLOBAL__N_110rx_buffer_E
                0x00000000008007ae       0x40 ../src/Serial/libATmega328_USART.a(UART.cpp.obj)
 .bss._ZN12_GLOBAL__N_18rx_tail_E
                0x00000000008007ee        0x1 ../src/Serial/libATmega328_USART.a(UART.cpp.obj)
 .bss._ZN12_GLOBAL__N_18rx_head_E
                0x00000000008007ef        0x1 ../src/Serial/libATmega328_USART.a(UART.cpp.obj)
 .bss._ZN12_GLOBAL__N_18tx_busy_E
                0x00000000008007f0        0x1 ../src/Serial/libATmega328_USART.a(UART.cpp.obj)
 .bss._ZL10tx_buffer_
                0x00000000008007f1       0x16 ../src/Serial/libATmega328_SPI.a(SPI.cpp.obj)
 .bss._ZL10rx_buffer_
                0x0000000000800807       0x16 ../src/Serial/libATmega328_SPI.a(SPI.cpp.obj)
 .bss.err_dummy_
                0x000000000080081d        0x1 ../src/Serial/libATmega328_SPI.a(SPI.cpp.obj)
                0x000000000080081d                err_dummy_
 .bss._ZL10tx_rx_done
                0x000000000080081e        0x1 ../src/Serial/libATmega328_SPI.a(SPI.cpp.obj)
 .bss._ZN8Ethernet14W5500Interface8netInfo_E
                0x000000000080081f       0x18 ../src/Ethernet/libATmega328_W5500_ETHERNET.a(W5500Interface.cpp.obj)
                0x000000000080081f                _ZN8Ethernet14W5500Interface8netInfo_E
 .bss._ZN8Ethernet14W5500Interface9instance_E
                0x0000000000800837        0x2 ../src/Ethernet/libATmega328_W5500_ETHERNET.a(W5500Interface.cpp.obj)
                0x0000000000800837                _ZN8Ethernet14W5500Interface9instance_E
 .bss.sock_pack_info
                0x0000000000800839        0x8 ../src/Ethernet/libATmega328_W5500_ETHERNET_WIZNET_IOLIBRARY.a(socket.c.obj)
                0x0000000000800839                sock_pack_info
 .bss.sock_remained_size
                0x0000000000800841       0x10 ../src/Ethernet/libATmega328_W5500_ETHERNET_WIZNET_IOLIBRARY.a(socket.c.obj)
 .bss.sock_is_sending
                0x0000000000800851        0x2 ../src/Ethernet/libATmega328_W5500_ETHERNET_WIZNET_IOLIBRARY.a(socket.c.obj)
 .bss.sock_io_mode
                0x0000000000800853        0x2 ../src/Ethernet/libATmega328_W5500_ETHERNET_WIZNET_IOLIBRARY.a(socket.c.obj)
 .bss._DHCP_    0x0000000000800855        0x2 ../src/Ethernet/libATmega328_W5500_ETHERNET_WIZNET_IOLIBRARY.a(wizchip_conf.c.obj)
 .bss._DNS_     0x0000000000800857        0x4 ../src/Ethernet/libATmega328_W5500_ETHERNET_WIZNET_IOLIBRARY.a(wizchip_conf.c.obj)
 .bss._ZN6System12TimerService15millis_counter_E
                0x000000000080085b        0x4 ../src/System/libATmega328_TIMER_SERVICE.a(TimerService.cpp.obj)
                0x000000000080085b                _ZN6System12TimerService15millis_counter_E
 *(COMMON)
                0x000000000080085f                PROVIDE (__bss_end, .)
                0x000000000000375c                __data_load_start = LOADADDR (.data)
                0x0000000000003b30                __data_load_end = (__data_load_start + SIZEOF (.data))

.noinit         0x000000000080085f        0x0
                [!provide]                        PROVIDE (__noinit_start, .)
 *(.noinit*)
                [!provide]                        PROVIDE (__noinit_end, .)
                0x000000000080085f                _end = .
                0x000000000080085f                PROVIDE (__heap_start, .)

.eeprom         0x0000000000810000        0x0
 *(.eeprom*)
                0x0000000000810000                __eeprom_end = .

.fuse
 *(.fuse)
 *(.lfuse)
 *(.hfuse)
 *(.efuse)

.lock
 *(.lock*)

.signature
 *(.signature*)

.user_signatures
 *(.user_signatures*)

.stab
 *(.stab)

.stabstr
 *(.stabstr)

.stab.excl
 *(.stab.excl)

.stab.exclstr
 *(.stab.exclstr)

.stab.index
 *(.stab.index)

.stab.indexstr
 *(.stab.indexstr)

.comment        0x0000000000000000       0x30
 *(.comment)
 .comment       0x0000000000000000       0x30 CMakeFiles/ATmega328_SMART_BELL_FW.dir/smart_bell.cpp.obj
                                         0x31 (size before relaxing)
 .comment       0x0000000000000030       0x31 ../src/libATmega328_PIN_INT.a(SetupEXT_IN_Interrupt.cpp.obj)
 .comment       0x0000000000000030       0x31 ../src/libATmega328_TIMER_INT.a(SetupTimer.cpp.obj)
 .comment       0x0000000000000030       0x31 ../src/Serial/libATmega328_USART.a(UART.cpp.obj)
 .comment       0x0000000000000030       0x31 ../src/Serial/libATmega328_SPI.a(SPI.cpp.obj)
 .comment       0x0000000000000030       0x31 ../src/Utils/libATmega328_UTILS.a(new_delete.cpp.obj)
 .comment       0x0000000000000030       0x31 ../src/Ethernet/libATmega328_W5500_ETHERNET.a(W5500Interface.cpp.obj)
 .comment       0x0000000000000030       0x31 ../src/MQTT/libATmega328_MQTT.a(MinimalMQTT.cpp.obj)
 .comment       0x0000000000000030       0x31 ../src/Config/libATmega328_CONFIG.a(LightweightConfig.cpp.obj)
 .comment       0x0000000000000030       0x31 ../src/Ethernet/libATmega328_W5500_ETHERNET_WIZNET_IOLIBRARY.a(w5500.c.obj)
 .comment       0x0000000000000030       0x31 ../src/Ethernet/libATmega328_W5500_ETHERNET_WIZNET_IOLIBRARY.a(socket.c.obj)
 .comment       0x0000000000000030       0x31 ../src/Ethernet/libATmega328_W5500_ETHERNET_WIZNET_IOLIBRARY.a(wizchip_conf.c.obj)
 .comment       0x0000000000000030       0x31 ../src/System/libATmega328_TIMER_SERVICE.a(TimerService.cpp.obj)

.note.gnu.avr.deviceinfo
                0x0000000000000000       0x3c
 .note.gnu.avr.deviceinfo
                0x0000000000000000       0x3c /opt/avr8-gnu-toolchain-linux_x86_64/bin/../lib/gcc/avr/7.3.0/../../../../avr/lib/avr5/crtatmega328.o

.note.gnu.build-id
 *(.note.gnu.build-id)

.debug
 *(.debug)

.line
 *(.line)

.debug_srcinfo
 *(.debug_srcinfo)

.debug_sfnames
 *(.debug_sfnames)

.debug_aranges
 *(.debug_aranges)

.debug_pubnames
 *(.debug_pubnames)

.debug_info     0x0000000000000000      0x5f4
 *(.debug_info .gnu.linkonce.wi.*)
 .debug_info    0x0000000000000000      0x5f4 /opt/avr8-gnu-toolchain-linux_x86_64/bin/../lib/gcc/avr/7.3.0/../../../../avr/lib/avr5/crtatmega328.o

.debug_abbrev   0x0000000000000000      0x5a2
 *(.debug_abbrev)
 .debug_abbrev  0x0000000000000000      0x5a2 /opt/avr8-gnu-toolchain-linux_x86_64/bin/../lib/gcc/avr/7.3.0/../../../../avr/lib/avr5/crtatmega328.o

.debug_line     0x0000000000000000       0x1a
 *(.debug_line .debug_line.* .debug_line_end)
 .debug_line    0x0000000000000000       0x1a /opt/avr8-gnu-toolchain-linux_x86_64/bin/../lib/gcc/avr/7.3.0/../../../../avr/lib/avr5/crtatmega328.o

.debug_frame
 *(.debug_frame)

.debug_str      0x0000000000000000      0x208
 *(.debug_str)
 .debug_str     0x0000000000000000      0x208 /opt/avr8-gnu-toolchain-linux_x86_64/bin/../lib/gcc/avr/7.3.0/../../../../avr/lib/avr5/crtatmega328.o

.debug_loc
 *(.debug_loc)

.debug_macinfo
 *(.debug_macinfo)

.debug_weaknames
 *(.debug_weaknames)

.debug_funcnames
 *(.debug_funcnames)

.debug_typenames
 *(.debug_typenames)

.debug_varnames
 *(.debug_varnames)

.debug_pubtypes
 *(.debug_pubtypes)

.debug_ranges
 *(.debug_ranges)

.debug_macro
 *(.debug_macro)
OUTPUT(ATmega328_SMART_BELL_FW elf32-avr)
LOAD linker stubs

Cross Reference Table

Symbol                                            File
WIZCHIP                                           ../src/Ethernet/libATmega328_W5500_ETHERNET_WIZNET_IOLIBRARY.a(wizchip_conf.c.obj)
                                                  ../src/Ethernet/libATmega328_W5500_ETHERNET_WIZNET_IOLIBRARY.a(w5500.c.obj)
WIZCHIP_READ                                      ../src/Ethernet/libATmega328_W5500_ETHERNET_WIZNET_IOLIBRARY.a(w5500.c.obj)
                                                  ../src/Ethernet/libATmega328_W5500_ETHERNET_WIZNET_IOLIBRARY.a(wizchip_conf.c.obj)
                                                  ../src/Ethernet/libATmega328_W5500_ETHERNET_WIZNET_IOLIBRARY.a(socket.c.obj)
                                                  ../src/MQTT/libATmega328_MQTT.a(MinimalMQTT.cpp.obj)
WIZCHIP_READ_BUF                                  ../src/Ethernet/libATmega328_W5500_ETHERNET_WIZNET_IOLIBRARY.a(w5500.c.obj)
                                                  ../src/Ethernet/libATmega328_W5500_ETHERNET_WIZNET_IOLIBRARY.a(wizchip_conf.c.obj)
                                                  ../src/Ethernet/libATmega328_W5500_ETHERNET_WIZNET_IOLIBRARY.a(socket.c.obj)
WIZCHIP_WRITE                                     ../src/Ethernet/libATmega328_W5500_ETHERNET_WIZNET_IOLIBRARY.a(w5500.c.obj)
                                                  ../src/Ethernet/libATmega328_W5500_ETHERNET_WIZNET_IOLIBRARY.a(wizchip_conf.c.obj)
                                                  ../src/Ethernet/libATmega328_W5500_ETHERNET_WIZNET_IOLIBRARY.a(socket.c.obj)
WIZCHIP_WRITE_BUF                                 ../src/Ethernet/libATmega328_W5500_ETHERNET_WIZNET_IOLIBRARY.a(w5500.c.obj)
                                                  ../src/Ethernet/libATmega328_W5500_ETHERNET_WIZNET_IOLIBRARY.a(wizchip_conf.c.obj)
                                                  ../src/Ethernet/libATmega328_W5500_ETHERNET_WIZNET_IOLIBRARY.a(socket.c.obj)
_Z10setup_GPIOv                                   CMakeFiles/ATmega328_SMART_BELL_FW.dir/smart_bell.cpp.obj
_ZN15timer_interrupt8ctc_mode16setup_timer0_1msEv ../src/libATmega328_TIMER_INT.a(SetupTimer.cpp.obj)
                                                  CMakeFiles/ATmega328_SMART_BELL_FW.dir/smart_bell.cpp.obj
_ZN15timer_interrupt8ctc_mode21setup_timer0_ctc_modeENS_9PrescalerEj ../src/libATmega328_TIMER_INT.a(SetupTimer.cpp.obj)
                                                  CMakeFiles/ATmega328_SMART_BELL_FW.dir/smart_bell.cpp.obj
_ZN22external_pin_interrupt10setup_INT0ENS_8EdgeTypeE ../src/libATmega328_PIN_INT.a(SetupEXT_IN_Interrupt.cpp.obj)
_ZN22external_pin_interrupt10setup_INT1ENS_8EdgeTypeE ../src/libATmega328_PIN_INT.a(SetupEXT_IN_Interrupt.cpp.obj)
_ZN22external_pin_interrupt15read_INT0_stateEv    ../src/libATmega328_PIN_INT.a(SetupEXT_IN_Interrupt.cpp.obj)
_ZN22external_pin_interrupt15read_INT1_stateEv    ../src/libATmega328_PIN_INT.a(SetupEXT_IN_Interrupt.cpp.obj)
_ZN22external_pin_interrupt21setup_both_interruptsENS_8EdgeTypeES0_ ../src/libATmega328_PIN_INT.a(SetupEXT_IN_Interrupt.cpp.obj)
_ZN22external_pin_interrupt36setup_INT0_PullUpResistorFallingEdgeEv ../src/libATmega328_PIN_INT.a(SetupEXT_IN_Interrupt.cpp.obj)
                                                  CMakeFiles/ATmega328_SMART_BELL_FW.dir/smart_bell.cpp.obj
_ZN4MQTT11MinimalMQTT10disconnectEv               ../src/MQTT/libATmega328_MQTT.a(MinimalMQTT.cpp.obj)
_ZN4MQTT11MinimalMQTT11socket_recvEPhj            ../src/MQTT/libATmega328_MQTT.a(MinimalMQTT.cpp.obj)
_ZN4MQTT11MinimalMQTT11socket_sendEPKhj           ../src/MQTT/libATmega328_MQTT.a(MinimalMQTT.cpp.obj)
_ZN4MQTT11MinimalMQTT12send_pingreqEv             ../src/MQTT/libATmega328_MQTT.a(MinimalMQTT.cpp.obj)
_ZN4MQTT11MinimalMQTT14publish_stringEPKcS2_      ../src/MQTT/libATmega328_MQTT.a(MinimalMQTT.cpp.obj)
_ZN4MQTT11MinimalMQTT14socket_connectEv           ../src/MQTT/libATmega328_MQTT.a(MinimalMQTT.cpp.obj)
_ZN4MQTT11MinimalMQTT16wait_for_connackEv         ../src/MQTT/libATmega328_MQTT.a(MinimalMQTT.cpp.obj)
_ZN4MQTT11MinimalMQTT17socket_disconnectEv        ../src/MQTT/libATmega328_MQTT.a(MinimalMQTT.cpp.obj)
_ZN4MQTT11MinimalMQTT19send_connect_packetEv      ../src/MQTT/libATmega328_MQTT.a(MinimalMQTT.cpp.obj)
_ZN4MQTT11MinimalMQTT19socket_is_connectedEv      ../src/MQTT/libATmega328_MQTT.a(MinimalMQTT.cpp.obj)
_ZN4MQTT11MinimalMQTT23process_incoming_packetEv  ../src/MQTT/libATmega328_MQTT.a(MinimalMQTT.cpp.obj)
_ZN4MQTT11MinimalMQTT3logEPKc                     ../src/MQTT/libATmega328_MQTT.a(MinimalMQTT.cpp.obj)
_ZN4MQTT11MinimalMQTT4loopEv                      ../src/MQTT/libATmega328_MQTT.a(MinimalMQTT.cpp.obj)
                                                  CMakeFiles/ATmega328_SMART_BELL_FW.dir/smart_bell.cpp.obj
_ZN4MQTT11MinimalMQTT7connectERKNS_6ConfigE       ../src/MQTT/libATmega328_MQTT.a(MinimalMQTT.cpp.obj)
                                                  CMakeFiles/ATmega328_SMART_BELL_FW.dir/smart_bell.cpp.obj
_ZN4MQTT11MinimalMQTT7publishEPKcPKhj             ../src/MQTT/libATmega328_MQTT.a(MinimalMQTT.cpp.obj)
                                                  CMakeFiles/ATmega328_SMART_BELL_FW.dir/smart_bell.cpp.obj
_ZN4MQTT11MinimalMQTT9subscribeEPKcPFvS2_PKhjE    ../src/MQTT/libATmega328_MQTT.a(MinimalMQTT.cpp.obj)
_ZN4MQTT11MinimalMQTTC1EPN6serial4UARTE           ../src/MQTT/libATmega328_MQTT.a(MinimalMQTT.cpp.obj)
                                                  CMakeFiles/ATmega328_SMART_BELL_FW.dir/smart_bell.cpp.obj
_ZN4MQTT11MinimalMQTTC2EPN6serial4UARTE           ../src/MQTT/libATmega328_MQTT.a(MinimalMQTT.cpp.obj)
_ZN5utils14CircularBufferILj16EE9push_backEh      ../src/Serial/libATmega328_SPI.a(SPI.cpp.obj)
_ZN6Config17LightweightConfig15process_commandEPKc ../src/Config/libATmega328_CONFIG.a(LightweightConfig.cpp.obj)
                                                  CMakeFiles/ATmega328_SMART_BELL_FW.dir/smart_bell.cpp.obj
_ZN6Config17LightweightConfig17reset_to_defaultsEv ../src/Config/libATmega328_CONFIG.a(LightweightConfig.cpp.obj)
_ZN6Config17LightweightConfig3msgEPKc             ../src/Config/libATmega328_CONFIG.a(LightweightConfig.cpp.obj)
_ZN6Config17LightweightConfig4loadEv              ../src/Config/libATmega328_CONFIG.a(LightweightConfig.cpp.obj)
                                                  CMakeFiles/ATmega328_SMART_BELL_FW.dir/smart_bell.cpp.obj
_ZN6Config17LightweightConfig4saveEv              ../src/Config/libATmega328_CONFIG.a(LightweightConfig.cpp.obj)
_ZN6Config17LightweightConfig8parse_ipEPKcPh      ../src/Config/libATmega328_CONFIG.a(LightweightConfig.cpp.obj)
_ZN6Config17LightweightConfigC1ERN6serial9InterfaceE ../src/Config/libATmega328_CONFIG.a(LightweightConfig.cpp.obj)
                                                  CMakeFiles/ATmega328_SMART_BELL_FW.dir/smart_bell.cpp.obj
_ZN6Config17LightweightConfigC2ERN6serial9InterfaceE ../src/Config/libATmega328_CONFIG.a(LightweightConfig.cpp.obj)
_ZN6System12TimerService10on_1s_tickEv            ../src/System/libATmega328_TIMER_SERVICE.a(TimerService.cpp.obj)
_ZN6System12TimerService11on_1ms_tickEv           ../src/System/libATmega328_TIMER_SERVICE.a(TimerService.cpp.obj)
                                                  CMakeFiles/ATmega328_SMART_BELL_FW.dir/smart_bell.cpp.obj
_ZN6System12TimerService14has_elapsed_msEmm       ../src/System/libATmega328_TIMER_SERVICE.a(TimerService.cpp.obj)
_ZN6System12TimerService15has_elapsed_secEmm      ../src/System/libATmega328_TIMER_SERVICE.a(TimerService.cpp.obj)
_ZN6System12TimerService15millis_counter_E        ../src/System/libATmega328_TIMER_SERVICE.a(TimerService.cpp.obj)
_ZN6System12TimerService16seconds_counter_E       ../src/System/libATmega328_TIMER_SERVICE.a(TimerService.cpp.obj)
_ZN6System12TimerService5resetEv                  ../src/System/libATmega328_TIMER_SERVICE.a(TimerService.cpp.obj)
_ZN6System12TimerService6millisEv                 ../src/System/libATmega328_TIMER_SERVICE.a(TimerService.cpp.obj)
                                                  ../src/MQTT/libATmega328_MQTT.a(MinimalMQTT.cpp.obj)
                                                  CMakeFiles/ATmega328_SMART_BELL_FW.dir/smart_bell.cpp.obj
_ZN6System12TimerService7secondsEv                ../src/System/libATmega328_TIMER_SERVICE.a(TimerService.cpp.obj)
_ZN6serial3SPI10send_bytesEPKhj                   ../src/Serial/libATmega328_SPI.a(SPI.cpp.obj)
_ZN6serial3SPI11send_stringEPKc                   ../src/Serial/libATmega328_SPI.a(SPI.cpp.obj)
_ZN6serial3SPI16set_slave_selectEh                ../src/Serial/libATmega328_SPI.a(SPI.cpp.obj)
_ZN6serial3SPI4sendEh                             ../src/Serial/libATmega328_SPI.a(SPI.cpp.obj)
_ZN6serial3SPI5send_Ev                            ../src/Serial/libATmega328_SPI.a(SPI.cpp.obj)
_ZN6serial3SPI9read_byteEv                        ../src/Serial/libATmega328_SPI.a(SPI.cpp.obj)
_ZN6serial3SPIC1ERKNS_14SPI_parametersEh          ../src/Serial/libATmega328_SPI.a(SPI.cpp.obj)
                                                  CMakeFiles/ATmega328_SMART_BELL_FW.dir/smart_bell.cpp.obj
_ZN6serial3SPIC2ERKNS_14SPI_parametersEh          ../src/Serial/libATmega328_SPI.a(SPI.cpp.obj)
_ZN6serial4UART10send_bytesEPKhj                  ../src/Serial/libATmega328_USART.a(UART.cpp.obj)
_ZN6serial4UART11send_stringEPKc                  ../src/Serial/libATmega328_USART.a(UART.cpp.obj)
                                                  CMakeFiles/ATmega328_SMART_BELL_FW.dir/smart_bell.cpp.obj
_ZN6serial4UART28calculate_baudrate_prescalerERKNS_8BaudrateERKNS_17Asynchronous_modeE ../src/Serial/libATmega328_USART.a(UART.cpp.obj)
_ZN6serial4UART4sendEh                            ../src/Serial/libATmega328_USART.a(UART.cpp.obj)
_ZN6serial4UART5send_Ev                           ../src/Serial/libATmega328_USART.a(UART.cpp.obj)
_ZN6serial4UART9read_byteEv                       ../src/Serial/libATmega328_USART.a(UART.cpp.obj)
                                                  CMakeFiles/ATmega328_SMART_BELL_FW.dir/smart_bell.cpp.obj
_ZN6serial4UARTC1ERKNS_17Serial_parametersE       ../src/Serial/libATmega328_USART.a(UART.cpp.obj)
                                                  CMakeFiles/ATmega328_SMART_BELL_FW.dir/smart_bell.cpp.obj
_ZN6serial4UARTC2ERKNS_17Serial_parametersE       ../src/Serial/libATmega328_USART.a(UART.cpp.obj)
_ZN8Ethernet14W5500Interface10hard_resetEv        ../src/Ethernet/libATmega328_W5500_ETHERNET.a(W5500Interface.cpp.obj)
_ZN8Ethernet14W5500Interface10set_subnetEPKNS_10SubnetMaskE ../src/Ethernet/libATmega328_W5500_ETHERNET.a(W5500Interface.cpp.obj)
_ZN8Ethernet14W5500Interface10soft_resetEv        ../src/Ethernet/libATmega328_W5500_ETHERNET.a(W5500Interface.cpp.obj)
_ZN8Ethernet14W5500Interface11cb_spi_readEv       ../src/Ethernet/libATmega328_W5500_ETHERNET.a(W5500Interface.cpp.obj)
_ZN8Ethernet14W5500Interface11set_gatewayEPKNS_14GatewayAddressE ../src/Ethernet/libATmega328_W5500_ETHERNET.a(W5500Interface.cpp.obj)
_ZN8Ethernet14W5500Interface12cb_spi_writeEh      ../src/Ethernet/libATmega328_W5500_ETHERNET.a(W5500Interface.cpp.obj)
_ZN8Ethernet14W5500Interface17cb_spi_read_burstEPhj ../src/Ethernet/libATmega328_W5500_ETHERNET.a(W5500Interface.cpp.obj)
_ZN8Ethernet14W5500Interface18cb_spi_write_burstEPhj ../src/Ethernet/libATmega328_W5500_ETHERNET.a(W5500Interface.cpp.obj)
_ZN8Ethernet14W5500Interface18set_network_configEPKNS_10MacAddressEPKNS_9IpAddressEPKNS_10SubnetMaskEPKNS_14GatewayAddressE ../src/Ethernet/libATmega328_W5500_ETHERNET.a(W5500Interface.cpp.obj)
                                                  CMakeFiles/ATmega328_SMART_BELL_FW.dir/smart_bell.cpp.obj
_ZN8Ethernet14W5500Interface4initEv               ../src/Ethernet/libATmega328_W5500_ETHERNET.a(W5500Interface.cpp.obj)
                                                  CMakeFiles/ATmega328_SMART_BELL_FW.dir/smart_bell.cpp.obj
_ZN8Ethernet14W5500Interface6set_IPEPKNS_9IpAddressE ../src/Ethernet/libATmega328_W5500_ETHERNET.a(W5500Interface.cpp.obj)
_ZN8Ethernet14W5500Interface7set_MACEPKNS_10MacAddressE ../src/Ethernet/libATmega328_W5500_ETHERNET.a(W5500Interface.cpp.obj)
_ZN8Ethernet14W5500Interface8netInfo_E            ../src/Ethernet/libATmega328_W5500_ETHERNET.a(W5500Interface.cpp.obj)
_ZN8Ethernet14W5500Interface9instance_E           ../src/Ethernet/libATmega328_W5500_ETHERNET.a(W5500Interface.cpp.obj)
_ZN8Ethernet14W5500InterfaceC1EPN6serial3SPIENS_14W5500CallbacksE ../src/Ethernet/libATmega328_W5500_ETHERNET.a(W5500Interface.cpp.obj)
                                                  CMakeFiles/ATmega328_SMART_BELL_FW.dir/smart_bell.cpp.obj
_ZN8Ethernet14W5500InterfaceC1EPN6serial3SPIENS_14W5500CallbacksEPNS1_4UARTE ../src/Ethernet/libATmega328_W5500_ETHERNET.a(W5500Interface.cpp.obj)
_ZN8Ethernet14W5500InterfaceC2EPN6serial3SPIENS_14W5500CallbacksE ../src/Ethernet/libATmega328_W5500_ETHERNET.a(W5500Interface.cpp.obj)
_ZN8Ethernet14W5500InterfaceC2EPN6serial3SPIENS_14W5500CallbacksEPNS1_4UARTE ../src/Ethernet/libATmega328_W5500_ETHERNET.a(W5500Interface.cpp.obj)
_ZNK6serial3SPI22is_read_data_availableEv         ../src/Serial/libATmega328_SPI.a(SPI.cpp.obj)
_ZNK6serial4UART22is_read_data_availableEv        ../src/Serial/libATmega328_USART.a(UART.cpp.obj)
                                                  CMakeFiles/ATmega328_SMART_BELL_FW.dir/smart_bell.cpp.obj
_ZNK8Ethernet14W5500Interface10get_subnetEPNS_10SubnetMaskE ../src/Ethernet/libATmega328_W5500_ETHERNET.a(W5500Interface.cpp.obj)
_ZNK8Ethernet14W5500Interface11get_gatewayEPNS_14GatewayAddressE ../src/Ethernet/libATmega328_W5500_ETHERNET.a(W5500Interface.cpp.obj)
_ZNK8Ethernet14W5500Interface6get_IPEPNS_9IpAddressE ../src/Ethernet/libATmega328_W5500_ETHERNET.a(W5500Interface.cpp.obj)
_ZNK8Ethernet14W5500Interface7get_MACEPNS_10MacAddressE ../src/Ethernet/libATmega328_W5500_ETHERNET.a(W5500Interface.cpp.obj)
_ZTVN6serial3SPIE                                 ../src/Serial/libATmega328_SPI.a(SPI.cpp.obj)
_ZTVN6serial4UARTE                                ../src/Serial/libATmega328_USART.a(UART.cpp.obj)
_ZdaPv                                            ../src/Utils/libATmega328_UTILS.a(new_delete.cpp.obj)
_ZdaPvj                                           ../src/Utils/libATmega328_UTILS.a(new_delete.cpp.obj)
_ZdlPv                                            ../src/Utils/libATmega328_UTILS.a(new_delete.cpp.obj)
_ZdlPvj                                           ../src/Utils/libATmega328_UTILS.a(new_delete.cpp.obj)
_Znaj                                             ../src/Utils/libATmega328_UTILS.a(new_delete.cpp.obj)
_Znwj                                             ../src/Utils/libATmega328_UTILS.a(new_delete.cpp.obj)
__DATA_REGION_LENGTH__                            /opt/avr8-gnu-toolchain-linux_x86_64/bin/../lib/gcc/avr/7.3.0/../../../../avr/lib/avr5/crtatmega328.o
__DATA_REGION_ORIGIN__                            /opt/avr8-gnu-toolchain-linux_x86_64/bin/../lib/gcc/avr/7.3.0/../../../../avr/lib/avr5/crtatmega328.o
__EEPROM_REGION_LENGTH__                          /opt/avr8-gnu-toolchain-linux_x86_64/bin/../lib/gcc/avr/7.3.0/../../../../avr/lib/avr5/crtatmega328.o
__FUSE_REGION_LENGTH__                            /opt/avr8-gnu-toolchain-linux_x86_64/bin/../lib/gcc/avr/7.3.0/../../../../avr/lib/avr5/crtatmega328.o
__TEXT_REGION_LENGTH__                            /opt/avr8-gnu-toolchain-linux_x86_64/bin/../lib/gcc/avr/7.3.0/../../../../avr/lib/avr5/crtatmega328.o
__bad_interrupt                                   /opt/avr8-gnu-toolchain-linux_x86_64/bin/../lib/gcc/avr/7.3.0/../../../../avr/lib/avr5/crtatmega328.o
__brkval                                          /opt/avr8-gnu-toolchain-linux_x86_64/bin/../lib/gcc/avr/7.3.0/../../../../avr/lib/avr5/libc.a(malloc.o)
__bss_end                                         /opt/avr8-gnu-toolchain-linux_x86_64/bin/../lib/gcc/avr/7.3.0/avr5/libgcc.a(_clear_bss.o)
__bss_start                                       /opt/avr8-gnu-toolchain-linux_x86_64/bin/../lib/gcc/avr/7.3.0/avr5/libgcc.a(_clear_bss.o)
__ctors_end                                       /opt/avr8-gnu-toolchain-linux_x86_64/bin/../lib/gcc/avr/7.3.0/avr5/libgcc.a(_ctors.o)
__ctors_start                                     /opt/avr8-gnu-toolchain-linux_x86_64/bin/../lib/gcc/avr/7.3.0/avr5/libgcc.a(_ctors.o)
__cxa_guard_abort                                 ../src/Utils/libATmega328_UTILS.a(new_delete.cpp.obj)
__cxa_guard_acquire                               ../src/Utils/libATmega328_UTILS.a(new_delete.cpp.obj)
                                                  CMakeFiles/ATmega328_SMART_BELL_FW.dir/smart_bell.cpp.obj
__cxa_guard_release                               ../src/Utils/libATmega328_UTILS.a(new_delete.cpp.obj)
                                                  CMakeFiles/ATmega328_SMART_BELL_FW.dir/smart_bell.cpp.obj
__data_end                                        /opt/avr8-gnu-toolchain-linux_x86_64/bin/../lib/gcc/avr/7.3.0/avr5/libgcc.a(_copy_data.o)
__data_load_start                                 /opt/avr8-gnu-toolchain-linux_x86_64/bin/../lib/gcc/avr/7.3.0/avr5/libgcc.a(_copy_data.o)
__data_start                                      /opt/avr8-gnu-toolchain-linux_x86_64/bin/../lib/gcc/avr/7.3.0/avr5/libgcc.a(_copy_data.o)
__do_clear_bss                                    /opt/avr8-gnu-toolchain-linux_x86_64/bin/../lib/gcc/avr/7.3.0/avr5/libgcc.a(_clear_bss.o)
                                                  /opt/avr8-gnu-toolchain-linux_x86_64/bin/../lib/gcc/avr/7.3.0/../../../../avr/lib/avr5/libc.a(malloc.o)
                                                  ../src/System/libATmega328_TIMER_SERVICE.a(TimerService.cpp.obj)
                                                  ../src/Ethernet/libATmega328_W5500_ETHERNET_WIZNET_IOLIBRARY.a(wizchip_conf.c.obj)
                                                  ../src/Ethernet/libATmega328_W5500_ETHERNET_WIZNET_IOLIBRARY.a(socket.c.obj)
                                                  ../src/Ethernet/libATmega328_W5500_ETHERNET.a(W5500Interface.cpp.obj)
                                                  ../src/Serial/libATmega328_SPI.a(SPI.cpp.obj)
                                                  ../src/Serial/libATmega328_USART.a(UART.cpp.obj)
                                                  CMakeFiles/ATmega328_SMART_BELL_FW.dir/smart_bell.cpp.obj
__do_copy_data                                    /opt/avr8-gnu-toolchain-linux_x86_64/bin/../lib/gcc/avr/7.3.0/avr5/libgcc.a(_copy_data.o)
                                                  /opt/avr8-gnu-toolchain-linux_x86_64/bin/../lib/gcc/avr/7.3.0/../../../../avr/lib/avr5/libc.a(malloc.o)
                                                  ../src/Ethernet/libATmega328_W5500_ETHERNET_WIZNET_IOLIBRARY.a(wizchip_conf.c.obj)
                                                  ../src/Ethernet/libATmega328_W5500_ETHERNET_WIZNET_IOLIBRARY.a(socket.c.obj)
                                                  ../src/Config/libATmega328_CONFIG.a(LightweightConfig.cpp.obj)
                                                  ../src/MQTT/libATmega328_MQTT.a(MinimalMQTT.cpp.obj)
                                                  ../src/Ethernet/libATmega328_W5500_ETHERNET.a(W5500Interface.cpp.obj)
                                                  ../src/Serial/libATmega328_SPI.a(SPI.cpp.obj)
                                                  ../src/Serial/libATmega328_USART.a(UART.cpp.obj)
                                                  CMakeFiles/ATmega328_SMART_BELL_FW.dir/smart_bell.cpp.obj
__do_global_ctors                                 /opt/avr8-gnu-toolchain-linux_x86_64/bin/../lib/gcc/avr/7.3.0/avr5/libgcc.a(_ctors.o)
                                                  ../src/Serial/libATmega328_SPI.a(SPI.cpp.obj)
__flp                                             /opt/avr8-gnu-toolchain-linux_x86_64/bin/../lib/gcc/avr/7.3.0/../../../../avr/lib/avr5/libc.a(malloc.o)
__heap_end                                        /opt/avr8-gnu-toolchain-linux_x86_64/bin/../lib/gcc/avr/7.3.0/../../../../avr/lib/avr5/crtatmega328.o
                                                  /opt/avr8-gnu-toolchain-linux_x86_64/bin/../lib/gcc/avr/7.3.0/../../../../avr/lib/avr5/libc.a(malloc.o)
__heap_start                                      /opt/avr8-gnu-toolchain-linux_x86_64/bin/../lib/gcc/avr/7.3.0/../../../../avr/lib/avr5/libc.a(malloc.o)
__init                                            /opt/avr8-gnu-toolchain-linux_x86_64/bin/../lib/gcc/avr/7.3.0/../../../../avr/lib/avr5/crtatmega328.o
__malloc_heap_end                                 /opt/avr8-gnu-toolchain-linux_x86_64/bin/../lib/gcc/avr/7.3.0/../../../../avr/lib/avr5/libc.a(malloc.o)
__malloc_heap_start                               /opt/avr8-gnu-toolchain-linux_x86_64/bin/../lib/gcc/avr/7.3.0/../../../../avr/lib/avr5/libc.a(malloc.o)
__malloc_margin                                   /opt/avr8-gnu-toolchain-linux_x86_64/bin/../lib/gcc/avr/7.3.0/../../../../avr/lib/avr5/libc.a(malloc.o)
__stack                                           /opt/avr8-gnu-toolchain-linux_x86_64/bin/../lib/gcc/avr/7.3.0/../../../../avr/lib/avr5/crtatmega328.o
__tablejump2__                                    /opt/avr8-gnu-toolchain-linux_x86_64/bin/../lib/gcc/avr/7.3.0/avr5/libgcc.a(_tablejump2.o)
                                                  /opt/avr8-gnu-toolchain-linux_x86_64/bin/../lib/gcc/avr/7.3.0/avr5/libgcc.a(_ctors.o)
                                                  ../src/Ethernet/libATmega328_W5500_ETHERNET_WIZNET_IOLIBRARY.a(wizchip_conf.c.obj)
                                                  ../src/Ethernet/libATmega328_W5500_ETHERNET_WIZNET_IOLIBRARY.a(socket.c.obj)
__udivmodqi4                                      /opt/avr8-gnu-toolchain-linux_x86_64/bin/../lib/gcc/avr/7.3.0/avr5/libgcc.a(_udivmodqi4.o)
                                                  ../src/Config/libATmega328_CONFIG.a(LightweightConfig.cpp.obj)
__udivmodsi4                                      /opt/avr8-gnu-toolchain-linux_x86_64/bin/../lib/gcc/avr/7.3.0/avr5/libgcc.a(_udivmodsi4.o)
                                                  ../src/Serial/libATmega328_USART.a(UART.cpp.obj)
__vector_1                                        CMakeFiles/ATmega328_SMART_BELL_FW.dir/smart_bell.cpp.obj
                                                  /opt/avr8-gnu-toolchain-linux_x86_64/bin/../lib/gcc/avr/7.3.0/../../../../avr/lib/avr5/crtatmega328.o
__vector_10                                       /opt/avr8-gnu-toolchain-linux_x86_64/bin/../lib/gcc/avr/7.3.0/../../../../avr/lib/avr5/crtatmega328.o
__vector_11                                       CMakeFiles/ATmega328_SMART_BELL_FW.dir/smart_bell.cpp.obj
                                                  /opt/avr8-gnu-toolchain-linux_x86_64/bin/../lib/gcc/avr/7.3.0/../../../../avr/lib/avr5/crtatmega328.o
__vector_12                                       /opt/avr8-gnu-toolchain-linux_x86_64/bin/../lib/gcc/avr/7.3.0/../../../../avr/lib/avr5/crtatmega328.o
__vector_13                                       /opt/avr8-gnu-toolchain-linux_x86_64/bin/../lib/gcc/avr/7.3.0/../../../../avr/lib/avr5/crtatmega328.o
__vector_14                                       CMakeFiles/ATmega328_SMART_BELL_FW.dir/smart_bell.cpp.obj
                                                  /opt/avr8-gnu-toolchain-linux_x86_64/bin/../lib/gcc/avr/7.3.0/../../../../avr/lib/avr5/crtatmega328.o
__vector_15                                       /opt/avr8-gnu-toolchain-linux_x86_64/bin/../lib/gcc/avr/7.3.0/../../../../avr/lib/avr5/crtatmega328.o
__vector_16                                       /opt/avr8-gnu-toolchain-linux_x86_64/bin/../lib/gcc/avr/7.3.0/../../../../avr/lib/avr5/crtatmega328.o
__vector_17                                       ../src/Serial/libATmega328_SPI.a(SPI.cpp.obj)
                                                  /opt/avr8-gnu-toolchain-linux_x86_64/bin/../lib/gcc/avr/7.3.0/../../../../avr/lib/avr5/crtatmega328.o
__vector_18                                       ../src/Serial/libATmega328_USART.a(UART.cpp.obj)
                                                  /opt/avr8-gnu-toolchain-linux_x86_64/bin/../lib/gcc/avr/7.3.0/../../../../avr/lib/avr5/crtatmega328.o
__vector_19                                       ../src/Serial/libATmega328_USART.a(UART.cpp.obj)
                                                  /opt/avr8-gnu-toolchain-linux_x86_64/bin/../lib/gcc/avr/7.3.0/../../../../avr/lib/avr5/crtatmega328.o
__vector_2                                        /opt/avr8-gnu-toolchain-linux_x86_64/bin/../lib/gcc/avr/7.3.0/../../../../avr/lib/avr5/crtatmega328.o
__vector_20                                       /opt/avr8-gnu-toolchain-linux_x86_64/bin/../lib/gcc/avr/7.3.0/../../../../avr/lib/avr5/crtatmega328.o
__vector_21                                       /opt/avr8-gnu-toolchain-linux_x86_64/bin/../lib/gcc/avr/7.3.0/../../../../avr/lib/avr5/crtatmega328.o
__vector_22                                       /opt/avr8-gnu-toolchain-linux_x86_64/bin/../lib/gcc/avr/7.3.0/../../../../avr/lib/avr5/crtatmega328.o
__vector_23                                       /opt/avr8-gnu-toolchain-linux_x86_64/bin/../lib/gcc/avr/7.3.0/../../../../avr/lib/avr5/crtatmega328.o
__vector_24                                       /opt/avr8-gnu-toolchain-linux_x86_64/bin/../lib/gcc/avr/7.3.0/../../../../avr/lib/avr5/crtatmega328.o
__vector_25                                       /opt/avr8-gnu-toolchain-linux_x86_64/bin/../lib/gcc/avr/7.3.0/../../../../avr/lib/avr5/crtatmega328.o
__vector_3                                        /opt/avr8-gnu-toolchain-linux_x86_64/bin/../lib/gcc/avr/7.3.0/../../../../avr/lib/avr5/crtatmega328.o
__vector_4                                        /opt/avr8-gnu-toolchain-linux_x86_64/bin/../lib/gcc/avr/7.3.0/../../../../avr/lib/avr5/crtatmega328.o
__vector_5                                        /opt/avr8-gnu-toolchain-linux_x86_64/bin/../lib/gcc/avr/7.3.0/../../../../avr/lib/avr5/crtatmega328.o
__vector_6                                        /opt/avr8-gnu-toolchain-linux_x86_64/bin/../lib/gcc/avr/7.3.0/../../../../avr/lib/avr5/crtatmega328.o
__vector_7                                        /opt/avr8-gnu-toolchain-linux_x86_64/bin/../lib/gcc/avr/7.3.0/../../../../avr/lib/avr5/crtatmega328.o
__vector_8                                        /opt/avr8-gnu-toolchain-linux_x86_64/bin/../lib/gcc/avr/7.3.0/../../../../avr/lib/avr5/crtatmega328.o
__vector_9                                        /opt/avr8-gnu-toolchain-linux_x86_64/bin/../lib/gcc/avr/7.3.0/../../../../avr/lib/avr5/crtatmega328.o
__vector_default                                  /opt/avr8-gnu-toolchain-linux_x86_64/bin/../lib/gcc/avr/7.3.0/../../../../avr/lib/avr5/crtatmega328.o
__vectors                                         /opt/avr8-gnu-toolchain-linux_x86_64/bin/../lib/gcc/avr/7.3.0/../../../../avr/lib/avr5/crtatmega328.o
_exit                                             /opt/avr8-gnu-toolchain-linux_x86_64/bin/../lib/gcc/avr/7.3.0/avr5/libgcc.a(_exit.o)
bell_enabled                                      CMakeFiles/ATmega328_SMART_BELL_FW.dir/smart_bell.cpp.obj
button_pressed                                    CMakeFiles/ATmega328_SMART_BELL_FW.dir/smart_bell.cpp.obj
close                                             ../src/Ethernet/libATmega328_W5500_ETHERNET_WIZNET_IOLIBRARY.a(socket.c.obj)
                                                  ../src/MQTT/libATmega328_MQTT.a(MinimalMQTT.cpp.obj)
cmd_buffer                                        CMakeFiles/ATmega328_SMART_BELL_FW.dir/smart_bell.cpp.obj
cmd_index                                         CMakeFiles/ATmega328_SMART_BELL_FW.dir/smart_bell.cpp.obj
connect                                           ../src/Ethernet/libATmega328_W5500_ETHERNET_WIZNET_IOLIBRARY.a(socket.c.obj)
                                                  ../src/MQTT/libATmega328_MQTT.a(MinimalMQTT.cpp.obj)
ctlnetwork                                        ../src/Ethernet/libATmega328_W5500_ETHERNET_WIZNET_IOLIBRARY.a(wizchip_conf.c.obj)
ctlsocket                                         ../src/Ethernet/libATmega328_W5500_ETHERNET_WIZNET_IOLIBRARY.a(socket.c.obj)
ctlwizchip                                        ../src/Ethernet/libATmega328_W5500_ETHERNET_WIZNET_IOLIBRARY.a(wizchip_conf.c.obj)
                                                  ../src/Ethernet/libATmega328_W5500_ETHERNET.a(W5500Interface.cpp.obj)
disconnect                                        ../src/Ethernet/libATmega328_W5500_ETHERNET_WIZNET_IOLIBRARY.a(socket.c.obj)
                                                  ../src/MQTT/libATmega328_MQTT.a(MinimalMQTT.cpp.obj)
eeprom_read_block                                 /opt/avr8-gnu-toolchain-linux_x86_64/bin/../lib/gcc/avr/7.3.0/../../../../avr/lib/avr5/libatmega328.a(eerd_block.o)
                                                  ../src/Config/libATmega328_CONFIG.a(LightweightConfig.cpp.obj)
eeprom_read_blraw                                 /opt/avr8-gnu-toolchain-linux_x86_64/bin/../lib/gcc/avr/7.3.0/../../../../avr/lib/avr5/libatmega328.a(eerd_block.o)
eeprom_update_block                               /opt/avr8-gnu-toolchain-linux_x86_64/bin/../lib/gcc/avr/7.3.0/../../../../avr/lib/avr5/libatmega328.a(eeupd_block.o)
                                                  ../src/Config/libATmega328_CONFIG.a(LightweightConfig.cpp.obj)
eeprom_update_byte                                /opt/avr8-gnu-toolchain-linux_x86_64/bin/../lib/gcc/avr/7.3.0/../../../../avr/lib/avr5/libatmega328.a(eeupd_byte.o)
eeprom_update_r18                                 /opt/avr8-gnu-toolchain-linux_x86_64/bin/../lib/gcc/avr/7.3.0/../../../../avr/lib/avr5/libatmega328.a(eeupd_byte.o)
                                                  /opt/avr8-gnu-toolchain-linux_x86_64/bin/../lib/gcc/avr/7.3.0/../../../../avr/lib/avr5/libatmega328.a(eeupd_block.o)
err_dummy_                                        ../src/Serial/libATmega328_SPI.a(SPI.cpp.obj)
exit                                              /opt/avr8-gnu-toolchain-linux_x86_64/bin/../lib/gcc/avr/7.3.0/avr5/libgcc.a(_exit.o)
                                                  /opt/avr8-gnu-toolchain-linux_x86_64/bin/../lib/gcc/avr/7.3.0/../../../../avr/lib/avr5/crtatmega328.o
free                                              /opt/avr8-gnu-toolchain-linux_x86_64/bin/../lib/gcc/avr/7.3.0/../../../../avr/lib/avr5/libc.a(malloc.o)
                                                  ../src/Utils/libATmega328_UTILS.a(new_delete.cpp.obj)
getSn_RX_RSR                                      ../src/Ethernet/libATmega328_W5500_ETHERNET_WIZNET_IOLIBRARY.a(w5500.c.obj)
                                                  ../src/Ethernet/libATmega328_W5500_ETHERNET_WIZNET_IOLIBRARY.a(socket.c.obj)
                                                  ../src/MQTT/libATmega328_MQTT.a(MinimalMQTT.cpp.obj)
getSn_TX_FSR                                      ../src/Ethernet/libATmega328_W5500_ETHERNET_WIZNET_IOLIBRARY.a(w5500.c.obj)
                                                  ../src/Ethernet/libATmega328_W5500_ETHERNET_WIZNET_IOLIBRARY.a(socket.c.obj)
getsockopt                                        ../src/Ethernet/libATmega328_W5500_ETHERNET_WIZNET_IOLIBRARY.a(socket.c.obj)
listen                                            ../src/Ethernet/libATmega328_W5500_ETHERNET_WIZNET_IOLIBRARY.a(socket.c.obj)
main                                              CMakeFiles/ATmega328_SMART_BELL_FW.dir/smart_bell.cpp.obj
                                                  /opt/avr8-gnu-toolchain-linux_x86_64/bin/../lib/gcc/avr/7.3.0/../../../../avr/lib/avr5/crtatmega328.o
malloc                                            /opt/avr8-gnu-toolchain-linux_x86_64/bin/../lib/gcc/avr/7.3.0/../../../../avr/lib/avr5/libc.a(malloc.o)
                                                  ../src/Utils/libATmega328_UTILS.a(new_delete.cpp.obj)
memcpy                                            /opt/avr8-gnu-toolchain-linux_x86_64/bin/../lib/gcc/avr/7.3.0/../../../../avr/lib/avr5/libc.a(memcpy.o)
                                                  ../src/MQTT/libATmega328_MQTT.a(MinimalMQTT.cpp.obj)
mqtt_ring_sent                                    CMakeFiles/ATmega328_SMART_BELL_FW.dir/smart_bell.cpp.obj
recv                                              ../src/Ethernet/libATmega328_W5500_ETHERNET_WIZNET_IOLIBRARY.a(socket.c.obj)
                                                  ../src/MQTT/libATmega328_MQTT.a(MinimalMQTT.cpp.obj)
recvfrom                                          ../src/Ethernet/libATmega328_W5500_ETHERNET_WIZNET_IOLIBRARY.a(socket.c.obj)
reg_wizchip_bus_cbfunc                            ../src/Ethernet/libATmega328_W5500_ETHERNET_WIZNET_IOLIBRARY.a(wizchip_conf.c.obj)
reg_wizchip_cris_cbfunc                           ../src/Ethernet/libATmega328_W5500_ETHERNET_WIZNET_IOLIBRARY.a(wizchip_conf.c.obj)
reg_wizchip_cs_cbfunc                             ../src/Ethernet/libATmega328_W5500_ETHERNET_WIZNET_IOLIBRARY.a(wizchip_conf.c.obj)
                                                  ../src/Ethernet/libATmega328_W5500_ETHERNET.a(W5500Interface.cpp.obj)
reg_wizchip_spi_cbfunc                            ../src/Ethernet/libATmega328_W5500_ETHERNET_WIZNET_IOLIBRARY.a(wizchip_conf.c.obj)
                                                  ../src/Ethernet/libATmega328_W5500_ETHERNET.a(W5500Interface.cpp.obj)
reg_wizchip_spiburst_cbfunc                       ../src/Ethernet/libATmega328_W5500_ETHERNET_WIZNET_IOLIBRARY.a(wizchip_conf.c.obj)
                                                  ../src/Ethernet/libATmega328_W5500_ETHERNET.a(W5500Interface.cpp.obj)
ring_active                                       CMakeFiles/ATmega328_SMART_BELL_FW.dir/smart_bell.cpp.obj
send                                              ../src/Ethernet/libATmega328_W5500_ETHERNET_WIZNET_IOLIBRARY.a(socket.c.obj)
                                                  ../src/MQTT/libATmega328_MQTT.a(MinimalMQTT.cpp.obj)
sendto                                            ../src/Ethernet/libATmega328_W5500_ETHERNET_WIZNET_IOLIBRARY.a(socket.c.obj)
setsockopt                                        ../src/Ethernet/libATmega328_W5500_ETHERNET_WIZNET_IOLIBRARY.a(socket.c.obj)
sock_pack_info                                    ../src/Ethernet/libATmega328_W5500_ETHERNET_WIZNET_IOLIBRARY.a(socket.c.obj)
socket                                            ../src/Ethernet/libATmega328_W5500_ETHERNET_WIZNET_IOLIBRARY.a(socket.c.obj)
                                                  ../src/MQTT/libATmega328_MQTT.a(MinimalMQTT.cpp.obj)
strchr                                            /opt/avr8-gnu-toolchain-linux_x86_64/bin/../lib/gcc/avr/7.3.0/../../../../avr/lib/avr5/libc.a(strchr.o)
                                                  ../src/Config/libATmega328_CONFIG.a(LightweightConfig.cpp.obj)
strcmp                                            /opt/avr8-gnu-toolchain-linux_x86_64/bin/../lib/gcc/avr/7.3.0/../../../../avr/lib/avr5/libc.a(strcmp.o)
                                                  ../src/MQTT/libATmega328_MQTT.a(MinimalMQTT.cpp.obj)
strncmp                                           /opt/avr8-gnu-toolchain-linux_x86_64/bin/../lib/gcc/avr/7.3.0/../../../../avr/lib/avr5/libc.a(strncmp.o)
                                                  ../src/Config/libATmega328_CONFIG.a(LightweightConfig.cpp.obj)
strncpy                                           /opt/avr8-gnu-toolchain-linux_x86_64/bin/../lib/gcc/avr/7.3.0/../../../../avr/lib/avr5/libc.a(strncpy.o)
                                                  ../src/Config/libATmega328_CONFIG.a(LightweightConfig.cpp.obj)
                                                  ../src/MQTT/libATmega328_MQTT.a(MinimalMQTT.cpp.obj)
                                                  CMakeFiles/ATmega328_SMART_BELL_FW.dir/smart_bell.cpp.obj
timer_counter                                     CMakeFiles/ATmega328_SMART_BELL_FW.dir/smart_bell.cpp.obj
wiz_recv_data                                     ../src/Ethernet/libATmega328_W5500_ETHERNET_WIZNET_IOLIBRARY.a(w5500.c.obj)
                                                  ../src/Ethernet/libATmega328_W5500_ETHERNET_WIZNET_IOLIBRARY.a(socket.c.obj)
wiz_recv_ignore                                   ../src/Ethernet/libATmega328_W5500_ETHERNET_WIZNET_IOLIBRARY.a(w5500.c.obj)
                                                  ../src/Ethernet/libATmega328_W5500_ETHERNET_WIZNET_IOLIBRARY.a(socket.c.obj)
wiz_send_data                                     ../src/Ethernet/libATmega328_W5500_ETHERNET_WIZNET_IOLIBRARY.a(w5500.c.obj)
                                                  ../src/Ethernet/libATmega328_W5500_ETHERNET_WIZNET_IOLIBRARY.a(socket.c.obj)
wizchip_bus_readdata                              ../src/Ethernet/libATmega328_W5500_ETHERNET_WIZNET_IOLIBRARY.a(wizchip_conf.c.obj)
wizchip_bus_writedata                             ../src/Ethernet/libATmega328_W5500_ETHERNET_WIZNET_IOLIBRARY.a(wizchip_conf.c.obj)
wizchip_clrinterrupt                              ../src/Ethernet/libATmega328_W5500_ETHERNET_WIZNET_IOLIBRARY.a(wizchip_conf.c.obj)
wizchip_cris_enter                                ../src/Ethernet/libATmega328_W5500_ETHERNET_WIZNET_IOLIBRARY.a(wizchip_conf.c.obj)
wizchip_cris_exit                                 ../src/Ethernet/libATmega328_W5500_ETHERNET_WIZNET_IOLIBRARY.a(wizchip_conf.c.obj)
wizchip_cs_deselect                               ../src/Ethernet/libATmega328_W5500_ETHERNET_WIZNET_IOLIBRARY.a(wizchip_conf.c.obj)
wizchip_cs_select                                 ../src/Ethernet/libATmega328_W5500_ETHERNET_WIZNET_IOLIBRARY.a(wizchip_conf.c.obj)
wizchip_getinterrupt                              ../src/Ethernet/libATmega328_W5500_ETHERNET_WIZNET_IOLIBRARY.a(wizchip_conf.c.obj)
wizchip_getinterruptmask                          ../src/Ethernet/libATmega328_W5500_ETHERNET_WIZNET_IOLIBRARY.a(wizchip_conf.c.obj)
wizchip_getnetinfo                                ../src/Ethernet/libATmega328_W5500_ETHERNET_WIZNET_IOLIBRARY.a(wizchip_conf.c.obj)
                                                  ../src/Ethernet/libATmega328_W5500_ETHERNET.a(W5500Interface.cpp.obj)
wizchip_getnetmode                                ../src/Ethernet/libATmega328_W5500_ETHERNET_WIZNET_IOLIBRARY.a(wizchip_conf.c.obj)
wizchip_gettimeout                                ../src/Ethernet/libATmega328_W5500_ETHERNET_WIZNET_IOLIBRARY.a(wizchip_conf.c.obj)
wizchip_init                                      ../src/Ethernet/libATmega328_W5500_ETHERNET_WIZNET_IOLIBRARY.a(wizchip_conf.c.obj)
wizchip_setinterruptmask                          ../src/Ethernet/libATmega328_W5500_ETHERNET_WIZNET_IOLIBRARY.a(wizchip_conf.c.obj)
wizchip_setnetinfo                                ../src/Ethernet/libATmega328_W5500_ETHERNET_WIZNET_IOLIBRARY.a(wizchip_conf.c.obj)
                                                  ../src/Ethernet/libATmega328_W5500_ETHERNET.a(W5500Interface.cpp.obj)
wizchip_setnetmode                                ../src/Ethernet/libATmega328_W5500_ETHERNET_WIZNET_IOLIBRARY.a(wizchip_conf.c.obj)
wizchip_settimeout                                ../src/Ethernet/libATmega328_W5500_ETHERNET_WIZNET_IOLIBRARY.a(wizchip_conf.c.obj)
wizchip_spi_readburst                             ../src/Ethernet/libATmega328_W5500_ETHERNET_WIZNET_IOLIBRARY.a(wizchip_conf.c.obj)
wizchip_spi_readbyte                              ../src/Ethernet/libATmega328_W5500_ETHERNET_WIZNET_IOLIBRARY.a(wizchip_conf.c.obj)
wizchip_spi_writeburst                            ../src/Ethernet/libATmega328_W5500_ETHERNET_WIZNET_IOLIBRARY.a(wizchip_conf.c.obj)
wizchip_spi_writebyte                             ../src/Ethernet/libATmega328_W5500_ETHERNET_WIZNET_IOLIBRARY.a(wizchip_conf.c.obj)
wizchip_sw_reset                                  ../src/Ethernet/libATmega328_W5500_ETHERNET_WIZNET_IOLIBRARY.a(wizchip_conf.c.obj)
wizphy_getphyconf                                 ../src/Ethernet/libATmega328_W5500_ETHERNET_WIZNET_IOLIBRARY.a(wizchip_conf.c.obj)
wizphy_getphylink                                 ../src/Ethernet/libATmega328_W5500_ETHERNET_WIZNET_IOLIBRARY.a(wizchip_conf.c.obj)
wizphy_getphypmode                                ../src/Ethernet/libATmega328_W5500_ETHERNET_WIZNET_IOLIBRARY.a(wizchip_conf.c.obj)
wizphy_getphystat                                 ../src/Ethernet/libATmega328_W5500_ETHERNET_WIZNET_IOLIBRARY.a(wizchip_conf.c.obj)
wizphy_reset                                      ../src/Ethernet/libATmega328_W5500_ETHERNET_WIZNET_IOLIBRARY.a(wizchip_conf.c.obj)
wizphy_setphyconf                                 ../src/Ethernet/libATmega328_W5500_ETHERNET_WIZNET_IOLIBRARY.a(wizchip_conf.c.obj)
wizphy_setphypmode                                ../src/Ethernet/libATmega328_W5500_ETHERNET_WIZNET_IOLIBRARY.a(wizchip_conf.c.obj)
